Archive member included to satisfy reference by file (symbol)

C:/Freescale/S32_Power_v1.1/S32DS/e200_ewl2/lib/fp/e200z4\libc.a(printformat_fp.o)
                              (__pformatterFP)
C:/Freescale/S32_Power_v1.1/S32DS/e200_ewl2/lib/fp/e200z4\libc.a(isupper.o)
                              C:/Freescale/S32_Power_v1.1/S32DS/e200_ewl2/lib/fp/e200z4\libc.a(printformat_fp.o) (isupper)
C:/Freescale/S32_Power_v1.1/S32DS/e200_ewl2/lib/fp/e200z4\libc.a(locale.o)
                              C:/Freescale/S32_Power_v1.1/S32DS/e200_ewl2/lib/fp/e200z4\libc.a(printformat_fp.o) (__lconv)
C:/Freescale/S32_Power_v1.1/S32DS/e200_ewl2/lib/fp/e200z4\libc.a(memchr.o)
                              C:/Freescale/S32_Power_v1.1/S32DS/e200_ewl2/lib/fp/e200z4\libc.a(printformat_fp.o) (memchr)
C:/Freescale/S32_Power_v1.1/S32DS/e200_ewl2/lib/fp/e200z4\libc.a(strchr.o)
                              C:/Freescale/S32_Power_v1.1/S32DS/e200_ewl2/lib/fp/e200z4\libc.a(printformat_fp.o) (strchr)
C:/Freescale/S32_Power_v1.1/S32DS/e200_ewl2/lib/fp/e200z4\libc.a(strcmp.o)
                              C:/Freescale/S32_Power_v1.1/S32DS/e200_ewl2/lib/fp/e200z4\libc.a(locale.o) (strcmp)
C:/Freescale/S32_Power_v1.1/S32DS/e200_ewl2/lib/fp/e200z4\libc.a(strcpy.o)
                              C:/Freescale/S32_Power_v1.1/S32DS/e200_ewl2/lib/fp/e200z4\libc.a(printformat_fp.o) (strcpy)
C:/Freescale/S32_Power_v1.1/S32DS/e200_ewl2/lib/fp/e200z4\libc.a(strlen.o)
                              C:/Freescale/S32_Power_v1.1/S32DS/e200_ewl2/lib/fp/e200z4\libc.a(printformat_fp.o) (strlen)
C:/Freescale/S32_Power_v1.1/S32DS/e200_ewl2/lib/fp/e200z4\libc.a(ctype.o)
                              C:/Freescale/S32_Power_v1.1/S32DS/e200_ewl2/lib/fp/e200z4\libc.a(isupper.o) (_ctypes_)
C:/Freescale/S32_Power_v1.1/S32DS/e200_ewl2/lib/fp/e200z4\libm.a(ansi_fp.o)
                              C:/Freescale/S32_Power_v1.1/S32DS/e200_ewl2/lib/fp/e200z4\libc.a(printformat_fp.o) (__num2dec)
C:/Freescale/S32_Power_v1.1/S32DS/e200_ewl2/lib/fp/e200z4\libm.a(float.o)
                              C:/Freescale/S32_Power_v1.1/S32DS/e200_ewl2/lib/fp/e200z4\libm.a(ansi_fp.o) (__double_max)
C:/Freescale/S32_Power_v1.1/S32DS/e200_ewl2/lib/fp/e200z4\libm.a(math_api.o)
                              C:/Freescale/S32_Power_v1.1/S32DS/e200_ewl2/lib/fp/e200z4\libm.a(ansi_fp.o) (__ewl_generic_count_bits32)
C:/Freescale/S32_Power_v1.1/S32DS/e200_ewl2/lib/fp/e200z4\libm.a(round.o)
                              ./src/drivers/LINFlex/LINFLEX.o (round)
C:/Freescale/S32_Power_v1.1/S32DS/e200_ewl2/lib/fp/e200z4\libm.a(s_floor.o)
                              ./src/drivers/LINFlex/LINFLEX.o (floor)
C:/Freescale/S32_Power_v1.1/S32DS/e200_ewl2/lib/fp/e200z4\libm.a(s_frexp.o)
                              C:/Freescale/S32_Power_v1.1/S32DS/e200_ewl2/lib/fp/e200z4\libm.a(ansi_fp.o) (frexp)
C:/Freescale/S32_Power_v1.1/S32DS/e200_ewl2/lib/fp/e200z4\libm.a(s_ldexp.o)
                              C:/Freescale/S32_Power_v1.1/S32DS/e200_ewl2/lib/fp/e200z4\libm.a(ansi_fp.o) (ldexp)
C:/Freescale/S32_Power_v1.1/S32DS/e200_ewl2/lib/fp/e200z4\libm.a(s_modf.o)
                              C:/Freescale/S32_Power_v1.1/S32DS/e200_ewl2/lib/fp/e200z4\libm.a(round.o) (modf)
C:/Freescale/S32_Power_v1.1/S32DS/e200_ewl2/lib/fp/e200z4\libm.a(w_pow.o)
                              C:/Freescale/S32_Power_v1.1/S32DS/e200_ewl2/lib/fp/e200z4\libm.a(ansi_fp.o) (pow)
C:/Freescale/S32_Power_v1.1/S32DS/e200_ewl2/lib/fp/e200z4\libm.a(e_pow.o)
                              C:/Freescale/S32_Power_v1.1/S32DS/e200_ewl2/lib/fp/e200z4\libm.a(w_pow.o) (__ieee754_pow)
C:/Freescale/S32_Power_v1.1/S32DS/e200_ewl2/lib/fp/e200z4\libm.a(scalbn.o)
                              C:/Freescale/S32_Power_v1.1/S32DS/e200_ewl2/lib/fp/e200z4\libm.a(e_pow.o) (scalbn)
C:/Freescale/S32_Power_v1.1/S32DS/e200_ewl2/lib/fp/e200z4\libm.a(w_sqrt.o)
                              C:/Freescale/S32_Power_v1.1/S32DS/e200_ewl2/lib/fp/e200z4\libm.a(e_pow.o) (sqrt)
C:/Freescale/S32_Power_v1.1/S32DS/e200_ewl2/lib/fp/e200z4\libm.a(e_sqrt.o)
                              C:/Freescale/S32_Power_v1.1/S32DS/e200_ewl2/lib/fp/e200z4\libm.a(w_sqrt.o) (__ieee754_sqrt)
c:/freescale/s32_power_v1.1/cross_tools/powerpc-eabivle-4_9/bin/../lib/gcc/powerpc-eabivle/4.9.2/fp/e200z4\libgcc.a(_lshrdi3.o)
                              C:/Freescale/S32_Power_v1.1/S32DS/e200_ewl2/lib/fp/e200z4\libm.a(ansi_fp.o) (__lshrdi3)
c:/freescale/s32_power_v1.1/cross_tools/powerpc-eabivle-4_9/bin/../lib/gcc/powerpc-eabivle/4.9.2/fp/e200z4\libgcc.a(_ashldi3.o)
                              C:/Freescale/S32_Power_v1.1/S32DS/e200_ewl2/lib/fp/e200z4\libm.a(ansi_fp.o) (__ashldi3)
c:/freescale/s32_power_v1.1/cross_tools/powerpc-eabivle-4_9/bin/../lib/gcc/powerpc-eabivle/4.9.2/fp/e200z4\libgcc.a(_fixunsdfsi.o)
                              ./src/drivers/DSPI/DSPI.o (__fixunsdfsi)
c:/freescale/s32_power_v1.1/cross_tools/powerpc-eabivle-4_9/bin/../lib/gcc/powerpc-eabivle/4.9.2/fp/e200z4\libgcc.a(_fixunsdfdi.o)
[...]
Memory Configuration

Name             Origin             Length             Attributes
flash_rchw       0x00fa0000         0x00000004
cpu0_reset_vec   0x00fa0004         0x00000004
m_text           0x01000000         0x00200000
m_data           0x40000000         0x00060000
int_dram         0x50800000         0x00010000
*default*        0x00000000         0xffffffff

Linker script and memory map

LOAD ./Project_Settings/Startup_Code/startup.o
LOAD ./src/drivers/ADC/ADC.o
LOAD ./src/drivers/CTU/CTU.o
LOAD ./src/drivers/DSPI/DSPI.o
LOAD ./src/drivers/FCCU/FCCU.o
LOAD ./src/drivers/FlexCAN/CAN.o
LOAD ./src/drivers/FlexPWM/flexpwm.o
LOAD ./src/drivers/FreeMASTER/freemaster_tsa.o
LOAD ./src/drivers/FreeMASTER/freemaster_sfio.o
LOAD ./src/drivers/FreeMASTER/freemaster_serial.o
LOAD ./src/drivers/FreeMASTER/freemaster_scope.o
LOAD ./src/drivers/FreeMASTER/freemaster_rec.o
LOAD ./src/drivers/FreeMASTER/freemaster_protocol.o
LOAD ./src/drivers/FreeMASTER/freemaster_can.o
LOAD ./src/drivers/FreeMASTER/freemaster_bdm.o
LOAD ./src/drivers/FreeMASTER/freemaster_appcmd.o
LOAD ./src/drivers/FreeMASTER/freemaster_MPC56xx.o
LOAD ./src/drivers/INTC/INTC.o
LOAD ./src/drivers/LINFlex/LINFLEX.o
LOAD ./src/drivers/LLD_INIT/MPC5744P_LLD.o
LOAD ./src/drivers/ME/ME.o
LOAD ./src/drivers/PIT/PIT_IRQ.o
LOAD ./src/drivers/PIT/PIT.o
LOAD ./src/drivers/SIUL/SIUL.o
LOAD ./src/drivers/SWG/SWG.o
LOAD ./src/drivers/UART/uart_irq.o
LOAD ./src/drivers/UART/uart_init.o
LOAD ./src/drivers/UART/uart_console_io.o
LOAD ./src/drivers/UART/uart.o
LOAD ./src/drivers/eTimer/eTimer.o
LOAD ./src/intc_sw_handlers.o
LOAD ./src/intc_SW_mode_isr_vectors_MPC5744P.o
LOAD ./src/flashrchw.o
LOAD ./src/Vector.o
LOAD ./src/MPC57xx__Interrupt_Init.o
LOAD ./src/ADC-demo.o
                0x01005b16                __pformatter = __pformatterFP
START GROUP
LOAD C:/Freescale/S32_Power_v1.1/S32DS/e200_ewl2/lib/fp/e200z4\libc.a
LOAD C:/Freescale/S32_Power_v1.1/S32DS/e200_ewl2/lib/fp/e200z4\libm.a
LOAD c:/freescale/s32_power_v1.1/cross_tools/powerpc-eabivle-4_9/bin/../lib/gcc/powerpc-eabivle/4.9.2/fp/e200z4\libgcc.a
END GROUP
                0x00000000                __HEAP_SIZE = 0x0
                0x00004000                __STACK_SIZE = 0x4000
                0x00060000                SRAM_SIZE = 0x60000
                0x40000000                SRAM_BASE_ADDR = 0x40000000
                0x00010000                LOCALDMEM_SIZE = 0x10000
                0x50800000                LOCALDMEM_BASE_ADDR = 0x50800000

.rchw           0x00fa0000        0x4
 *(.rchw)
 .rchw          0x00fa0000        0x4 ./src/flashrchw.o
                0x00fa0000                RCHW1

.cpu0_reset_vector
                0x00fa0004        0x4
 *(.cpu0_reset_vector)
 .cpu0_reset_vector
                0x00fa0004        0x4 ./src/flashrchw.o
                0x00fa0004                RCHW2

.startup        0x01000000      0x292
                0x01000000                __start = .
 *(.startup)
 .startup       0x01000000      0x292 ./Project_Settings/Startup_Code/startup.o
                0x01000000                _start

.core_exceptions_table
                0x01001000       0xf4
                0x01001000                __IVPR_VALUE = .
 *(.core_exceptions_table)
 .core_exceptions_table
                0x01001000       0xf4 ./src/Vector.o
                0x01001000                IVOR0_Vector
                0x01001000                VTABLE
                0x01001010                IVOR1_Vector
                0x01001020                IVOR2_Vector
                0x01001030                IVOR3_Vector
                0x01001040                IVOR4_Vector
                0x01001050                IVOR5_Vector
                0x01001060                IVOR6_Vector
                0x01001070                IVOR7_Vector
                0x01001080                IVOR8_Vector
                0x01001090                IVOR9_Vector
                0x010010a0                IVOR10_Vector
                0x010010b0                IVOR11_Vector
                0x010010c0                IVOR12_Vector
                0x010010d0                IVOR13_Vector
                0x010010e0                IVOR14_Vector
                0x010010f0                IVOR15_Vector

.intc_vector_table
                0x01002000      0xb78
 *(.intc_vector_table)
 .intc_vector_table
                0x01002000      0xb78 ./src/intc_SW_mode_isr_vectors_MPC5744P.o
                0x01002000                IntcIsrVectorTable

.text           0x01002b80     0x4890
 *(.text.startup)
 *(.text)
 .text          0x01002b80       0x48 ./src/intc_sw_handlers.o
                0x01002b80                IVOR4_Handler
 .text          0x01002bc8       0xe2 ./src/ADC-demo.o
                0x01002bc8                main
 .text          0x01002caa       0x58 c:/freescale/s32_power_v1.1/cross_tools/powerpc-eabivle-4_9/bin/../lib/gcc/powerpc-eabivle/4.9.2/fp/e200z4\libgcc.a(_fixunsdfsi.o)
                0x01002caa                __fixunsdfsi
 .text          0x01002d02       0x4e c:/freescale/s32_power_v1.1/cross_tools/powerpc-eabivle-4_9/bin/../lib/gcc/powerpc-eabivle/4.9.2/fp/e200z4\libgcc.a(_fixunsdfdi.o)
                0x01002d02                __fixunsdfdi
 .text          0x01002d50      0x348 c:/freescale/s32_power_v1.1/cross_tools/powerpc-eabivle-4_9/bin/../lib/gcc/powerpc-eabivle/4.9.2/fp/e200z4\libgcc.a(_udivdi3.o)
                0x01002d50                __udivdi3
 .text          0x01003098      0x2d6 c:/freescale/s32_power_v1.1/cross_tools/powerpc-eabivle-4_9/bin/../lib/gcc/powerpc-eabivle/4.9.2/fp/e200z4\libgcc.a(_umoddi3.o)
                0x01003098                __umoddi3
 .text          0x0100336e      0x3f4 c:/freescale/s32_power_v1.1/cross_tools/powerpc-eabivle-4_9/bin/../lib/gcc/powerpc-eabivle/4.9.2/fp/e200z4\libgcc.a(_addsub_df.o)
                0x010036a2                __adddf3
                0x010036fc                __subdf3
 .text          0x01003762      0x29e c:/freescale/s32_power_v1.1/cross_tools/powerpc-eabivle-4_9/bin/../lib/gcc/powerpc-eabivle/4.9.2/fp/e200z4\libgcc.a(_mul_df.o)
                0x01003762                __muldf3
 .text          0x01003a00       0x6c c:/freescale/s32_power_v1.1/cross_tools/powerpc-eabivle-4_9/bin/../lib/gcc/powerpc-eabivle/4.9.2/fp/e200z4\libgcc.a(_eq_df.o)
                0x01003a00                __eqdf2
 .text          0x01003a6c       0x6c c:/freescale/s32_power_v1.1/cross_tools/powerpc-eabivle-4_9/bin/../lib/gcc/powerpc-eabivle/4.9.2/fp/e200z4\libgcc.a(_ge_df.o)
                0x01003a6c                __gedf2
 .text          0x01003ad8       0x6c c:/freescale/s32_power_v1.1/cross_tools/powerpc-eabivle-4_9/bin/../lib/gcc/powerpc-eabivle/4.9.2/fp/e200z4\libgcc.a(_lt_df.o)
                0x01003ad8                __ltdf2
 .text          0x01003b44       0xc6 c:/freescale/s32_power_v1.1/cross_tools/powerpc-eabivle-4_9/bin/../lib/gcc/powerpc-eabivle/4.9.2/fp/e200z4\libgcc.a(_df_to_si.o)
                0x01003b44                __fixdfsi
 .text          0x01003c0a       0x88 c:/freescale/s32_power_v1.1/cross_tools/powerpc-eabivle-4_9/bin/../lib/gcc/powerpc-eabivle/4.9.2/fp/e200z4\libgcc.a(_usi_to_df.o)
                0x01003c0a                __floatunsidf
 .text          0x01003c92       0x4a c:/freescale/s32_power_v1.1/cross_tools/powerpc-eabivle-4_9/bin/../lib/gcc/powerpc-eabivle/4.9.2/fp/e200z4\libgcc.a(e200crtsavgpr.o)
                0x01003c92                _savegpr_14
                0x01003c96                _savegpr_15
                0x01003c9a                _savegpr_16
                0x01003c9e                _savegpr_17
                0x01003ca2                _savegpr_18
                0x01003ca6                _savegpr_19
                0x01003caa                _savegpr_20
                0x01003cae                _savegpr_21
                0x01003cb2                _savegpr_22
                0x01003cb6                _savegpr_23
                0x01003cba                _savegpr_24
                0x01003cbe                _savegpr_25
                0x01003cc2                _savegpr_26
                0x01003cc6                _savegpr_27
                0x01003cca                _savegpr_28
                0x01003cce                _savegpr_29
                0x01003cd2                _savegpr_30
                0x01003cd6                _savegpr_31
 .text          0x01003cdc       0x52 c:/freescale/s32_power_v1.1/cross_tools/powerpc-eabivle-4_9/bin/../lib/gcc/powerpc-eabivle/4.9.2/fp/e200z4\libgcc.a(e200crtresxgpr.o)
                0x01003cdc                _restgpr_14_x
                0x01003ce0                _restgpr_15_x
                0x01003ce4                _restgpr_16_x
                0x01003ce8                _restgpr_17_x
                0x01003cec                _restgpr_18_x
                0x01003cf0                _restgpr_19_x
                0x01003cf4                _restgpr_20_x
                0x01003cf8                _restgpr_21_x
                0x01003cfc                _restgpr_22_x
                0x01003d00                _restgpr_23_x
                0x01003d04                _restgpr_24_x
                0x01003d08                _restgpr_25_x
                0x01003d0c                _restgpr_26_x
                0x01003d10                _restgpr_27_x
                0x01003d14                _restgpr_28_x
                0x01003d18                _restgpr_29_x
                0x01003d1c                _restgpr_30_x
                0x01003d20                _restgpr_31_x
 .text          0x01003d2e      0x218 c:/freescale/s32_power_v1.1/cross_tools/powerpc-eabivle-4_9/bin/../lib/gcc/powerpc-eabivle/4.9.2/fp/e200z4\libgcc.a(_pack_df.o)
                0x01003d2e                __pack_d
 .text          0x01003f46       0xec c:/freescale/s32_power_v1.1/cross_tools/powerpc-eabivle-4_9/bin/../lib/gcc/powerpc-eabivle/4.9.2/fp/e200z4\libgcc.a(_unpack_df.o)
                0x01003f46                __unpack_d
 .text          0x01004032       0xe4 c:/freescale/s32_power_v1.1/cross_tools/powerpc-eabivle-4_9/bin/../lib/gcc/powerpc-eabivle/4.9.2/fp/e200z4\libgcc.a(_fpcmp_parts_df.o)
                0x01004032                __fpcmp_parts_d
 *(.init)
 *(.text.*)
 .text.ADC_Init
                0x01004116      0xbca ./src/drivers/ADC/ADC.o
                0x01004116                ADC_Init
 .text.ADC_StartNormalConversion
                0x01004ce0       0xc8 ./src/drivers/ADC/ADC.o
                0x01004ce0                ADC_StartNormalConversion
 .text.ADC_GetChannelValue
                0x01004da8      0x120 ./src/drivers/ADC/ADC.o
                0x01004da8                ADC_GetChannelValue
 .text.ADC_SetInt
                0x01004ec8       0xc2 ./src/drivers/ADC/ADC.o
                0x01004ec8                ADC_SetInt
 .text.ADC_ClearAllEOCflags
                0x01004f8a       0xc6 ./src/drivers/ADC/ADC.o
                0x01004f8a                ADC_ClearAllEOCflags
 .text.INTC_Init
                0x01005050       0xbe ./src/drivers/INTC/INTC.o
                0x01005050                INTC_Init
 .text.MC_MODE_INIT
                0x0100510e      0x332 ./src/drivers/ME/ME.o
                0x0100510e                MC_MODE_INIT
 .text.ISR226_PIT_CH0
                0x01005440       0x2a ./src/drivers/PIT/PIT_IRQ.o
                0x01005440                ISR226_PIT_CH0
 .text.PIT_ClearFlag
                0x0100546a       0x3e ./src/drivers/PIT/PIT.o
                0x0100546a                PIT_ClearFlag
 .text.SIUL_DigitalInputSimple
                0x010054a8       0x40 ./src/drivers/SIUL/SIUL.o
                0x010054a8                SIUL_DigitalInputSimple
 .text.SIUL_AnalogInput
                0x010054e8       0x3c ./src/drivers/SIUL/SIUL.o
                0x010054e8                SIUL_AnalogInput
 .text.SIUL_DigitalIO
                0x01005524       0x40 ./src/drivers/SIUL/SIUL.o
                0x01005524                SIUL_DigitalIO
 .text.SIUL_ToggleIO
                0x01005564       0x4e ./src/drivers/SIUL/SIUL.o
                0x01005564                SIUL_ToggleIO
 .text.dummy    0x010055b2        0xc ./src/intc_SW_mode_isr_vectors_MPC5744P.o
                0x010055b2                dummy
 .text.SetIVPR  0x010055be       0x1a ./src/MPC57xx__Interrupt_Init.o
                0x010055be                SetIVPR
 .text.InitINTC
                0x010055d8       0x3c ./src/MPC57xx__Interrupt_Init.o
                0x010055d8                InitINTC
 .text.enableIrq
                0x01005614       0x24 ./src/MPC57xx__Interrupt_Init.o
                0x01005614                enableIrq
 .text.xcptn_xmpl
                0x01005638       0x34 ./src/MPC57xx__Interrupt_Init.o
                0x01005638                xcptn_xmpl
 .text.delay    0x0100566c       0xdc ./src/ADC-demo.o
                0x0100566c                delay
 .text.ISR496_ADC0_EOC
                0x01005748       0x50 ./src/ADC-demo.o
                0x01005748                ISR496_ADC0_EOC
 .text.long2str.isra.0
                0x01005798      0x260 C:/Freescale/S32_Power_v1.1/S32DS/e200_ewl2/lib/fp/e200z4\libc.a(printformat_fp.o)
 .text.__round_decimal
                0x010059f8      0x11e C:/Freescale/S32_Power_v1.1/S32DS/e200_ewl2/lib/fp/e200z4\libc.a(printformat_fp.o)
                0x010059f8                __round_decimal
 .text.__pformatterFP
                0x01005b16      0xd90 C:/Freescale/S32_Power_v1.1/S32DS/e200_ewl2/lib/fp/e200z4\libc.a(printformat_fp.o)
                0x01005b16                __pformatterFP
 .text.isupper  0x010068a6       0x1e C:/Freescale/S32_Power_v1.1/S32DS/e200_ewl2/lib/fp/e200z4\libc.a(isupper.o)
                0x010068a6                isupper
 .text.memchr   0x010068c4       0x20 C:/Freescale/S32_Power_v1.1/S32DS/e200_ewl2/lib/fp/e200z4\libc.a(memchr.o)
                0x010068c4                memchr
 .text.strchr   0x010068e4       0x26 C:/Freescale/S32_Power_v1.1/S32DS/e200_ewl2/lib/fp/e200z4\libc.a(strchr.o)
                0x010068e4                strchr
 .text.strcpy   0x0100690a       0x1a C:/Freescale/S32_Power_v1.1/S32DS/e200_ewl2/lib/fp/e200z4\libc.a(strcpy.o)
                0x0100690a                strcpy
 .text.strlen   0x01006924       0x16 C:/Freescale/S32_Power_v1.1/S32DS/e200_ewl2/lib/fp/e200z4\libc.a(strlen.o)
                0x01006924                strlen
 .text.__dorounddecup
                0x0100693a       0x4c C:/Freescale/S32_Power_v1.1/S32DS/e200_ewl2/lib/fp/e200z4\libm.a(ansi_fp.o)
 .text.__timesdec
                0x01006986      0x168 C:/Freescale/S32_Power_v1.1/S32DS/e200_ewl2/lib/fp/e200z4\libm.a(ansi_fp.o)
 .text.__str2dec
                0x01006aee       0x7c C:/Freescale/S32_Power_v1.1/S32DS/e200_ewl2/lib/fp/e200z4\libm.a(ansi_fp.o)
 .text.__two_exp
                0x01006b6a      0x25a C:/Freescale/S32_Power_v1.1/S32DS/e200_ewl2/lib/fp/e200z4\libm.a(ansi_fp.o)
 .text.__ewl_count_bits64
                0x01006dc4        0x4 C:/Freescale/S32_Power_v1.1/S32DS/e200_ewl2/lib/fp/e200z4\libm.a(ansi_fp.o)
                0x01006dc4                __ewl_count_bits64
 .text.__ewl_count_trailing_zero64
                0x01006dc8       0x1c C:/Freescale/S32_Power_v1.1/S32DS/e200_ewl2/lib/fp/e200z4\libm.a(ansi_fp.o)
                0x01006dc8                __ewl_count_trailing_zero64
 .text.__num2dec_internal
                0x01006de4      0x188 C:/Freescale/S32_Power_v1.1/S32DS/e200_ewl2/lib/fp/e200z4\libm.a(ansi_fp.o)
 .text.__num2dec
                0x01006f6c      0x12e C:/Freescale/S32_Power_v1.1/S32DS/e200_ewl2/lib/fp/e200z4\libm.a(ansi_fp.o)
                0x01006f6c                __num2dec
 .text.__ewl_generic_count_bits64
                0x0100709a       0xc4 C:/Freescale/S32_Power_v1.1/S32DS/e200_ewl2/lib/fp/e200z4\libm.a(math_api.o)
                0x0100709a                __ewl_generic_count_bits64
 .text.__signbitd
                0x0100715e        0x4 C:/Freescale/S32_Power_v1.1/S32DS/e200_ewl2/lib/fp/e200z4\libm.a(math_api.o)
                0x0100715e                __signbitd
 .text.__fpclassifyd
                0x01007162       0x4e C:/Freescale/S32_Power_v1.1/S32DS/e200_ewl2/lib/fp/e200z4\libm.a(math_api.o)
                0x01007162                __fpclassifyd
 .text.frexp    0x010071b0       0x88 C:/Freescale/S32_Power_v1.1/S32DS/e200_ewl2/lib/fp/e200z4\libm.a(s_frexp.o)
                0x010071b0                frexp
 .text.ldexp    0x01007238      0x18a C:/Freescale/S32_Power_v1.1/S32DS/e200_ewl2/lib/fp/e200z4\libm.a(s_ldexp.o)
                0x01007238                ldexp
 .text.memcpy   0x010073c2       0x42 C:/Freescale/S32_Power_v1.1/S32DS/e200_ewl2/lib/fp/e200z4\libc.a(memcpy.o)
                0x010073c2                memcpy
                0x01007410                . = ALIGN (0x10)
 *fill*         0x01007404        0xc 

.glink          0x01007410        0x0
 .glink         0x01007410        0x0 ./Project_Settings/Startup_Code/startup.o

.rodata         0x01007410      0x1d8
 *(.rodata)
 .rodata        0x01007410       0x18 c:/freescale/s32_power_v1.1/cross_tools/powerpc-eabivle-4_9/bin/../lib/gcc/powerpc-eabivle/4.9.2/fp/e200z4\libgcc.a(_thenan_df.o)
                0x01007410                __thenan_df
 *(.rodata.*)
 .rodata.ADC_Init
                0x01007428       0x20 ./src/drivers/ADC/ADC.o
 .rodata.ADC_StartNormalConversion
                0x01007448       0x10 ./src/drivers/ADC/ADC.o
 .rodata.ADC_GetChannelValue
                0x01007458       0x10 ./src/drivers/ADC/ADC.o
 .rodata.ADC_SetInt
                0x01007468       0x10 ./src/drivers/ADC/ADC.o
 .rodata.ADC_ClearAllEOCflags
                0x01007478       0x10 ./src/drivers/ADC/ADC.o
 .rodata.cst4   0x01007488        0x4 C:/Freescale/S32_Power_v1.1/S32DS/e200_ewl2/lib/fp/e200z4\libc.a(printformat_fp.o)
 .rodata.str1.1
                0x0100748c       0x14 C:/Freescale/S32_Power_v1.1/S32DS/e200_ewl2/lib/fp/e200z4\libc.a(printformat_fp.o)
                                 0x25 (size before relaxing)
 .rodata.nullstring
                0x010074a0        0x1 C:/Freescale/S32_Power_v1.1/S32DS/e200_ewl2/lib/fp/e200z4\libc.a(locale.o)
 .rodata.str1.1
                0x010074a1        0x2 C:/Freescale/S32_Power_v1.1/S32DS/e200_ewl2/lib/fp/e200z4\libc.a(locale.o)
 *fill*         0x010074a3        0x1 
 .rodata._ctypes_
                0x010074a4       0x81 C:/Freescale/S32_Power_v1.1/S32DS/e200_ewl2/lib/fp/e200z4\libc.a(ctype.o)
                0x010074a4                _ctypes_
 .rodata.str1.1
                0x01007525       0xc3 C:/Freescale/S32_Power_v1.1/S32DS/e200_ewl2/lib/fp/e200z4\libm.a(ansi_fp.o)
                                 0xdd (size before relaxing)

.eh_frame       0x010075e8        0x0
 .eh_frame      0x010075e8        0x0 ./Project_Settings/Startup_Code/startup.o

.eh_frame_hdr   0x010075e8        0x0
 .eh_frame_hdr  0x010075e8        0x0 c:/freescale/s32_power_v1.1/cross_tools/powerpc-eabivle-4_9/bin/../lib/gcc/powerpc-eabivle/4.9.2/fp/e200z4\libgcc.a(_udivdi3.o)

.data           0x40000000       0x34 load address 0x010075e8
 *(.data)
 *(.data.*)
 .data.__lconv  0x40000000       0x34 C:/Freescale/S32_Power_v1.1/S32DS/e200_ewl2/lib/fp/e200z4\libc.a(locale.o)
                0x40000000                __lconv

.sdata2         0x40000034        0x0 load address 0x0100761c
 *(.sdata2)
 .sdata2        0x40000034        0x0 ./Project_Settings/Startup_Code/startup.o
 *(.sdata2.*)

.rela.dyn       0x40000034        0x0 load address 0x0100761c
 .rela.iplt     0x40000034        0x0 ./Project_Settings/Startup_Code/startup.o
 .rela.text.adc1_init_1
                0x40000034        0x0 ./Project_Settings/Startup_Code/startup.o
 .rela.text.adc0_init
                0x40000034        0x0 ./Project_Settings/Startup_Code/startup.o
 .rela.text.adc1_init
                0x40000034        0x0 ./Project_Settings/Startup_Code/startup.o
 .rela.text.adc2_init
                0x40000034        0x0 ./Project_Settings/Startup_Code/startup.o
 .rela.text.adc3_init
                0x40000034        0x0 ./Project_Settings/Startup_Code/startup.o
 .rela.text.ADC1_Init_v1
                0x40000034        0x0 ./Project_Settings/Startup_Code/startup.o
 .rela.text.ctu0_init
                0x40000034        0x0 ./Project_Settings/Startup_Code/startup.o
 .rela.text.ctu1_init
                0x40000034        0x0 ./Project_Settings/Startup_Code/startup.o
 .rela.text.ctu0_disable
                0x40000034        0x0 ./Project_Settings/Startup_Code/startup.o
 .rela.text.ctu_enable
                0x40000034        0x0 ./Project_Settings/Startup_Code/startup.o
 .rela.text.CTU0_Init_v1
                0x40000034        0x0 ./Project_Settings/Startup_Code/startup.o
 .rela.text.flexpwm0_init
                0x40000034        0x0 ./Project_Settings/Startup_Code/startup.o
 .rela.text.flexpwm1_init
                0x40000034        0x0 ./Project_Settings/Startup_Code/startup.o
 .rela.text.FlexPWM0_Init_v1
                0x40000034        0x0 ./Project_Settings/Startup_Code/startup.o
 .rela.text.FlexPWM0_Init_v3
                0x40000034        0x0 ./Project_Settings/Startup_Code/startup.o
 .rela.text.FMSTR_InitRec
                0x40000034        0x0 ./Project_Settings/Startup_Code/startup.o
 .rela.text.FMSTR_AbortRec
                0x40000034        0x0 ./Project_Settings/Startup_Code/startup.o
 .rela.text.FMSTR_SetUpRec
                0x40000034        0x0 ./Project_Settings/Startup_Code/startup.o
 .rela.text.FMSTR_TriggerRec
                0x40000034        0x0 ./Project_Settings/Startup_Code/startup.o
 .rela.text.FMSTR_StartRec
                0x40000034        0x0 ./Project_Settings/Startup_Code/startup.o
 .rela.text.FMSTR_StopRec
                0x40000034        0x0 ./Project_Settings/Startup_Code/startup.o
 .rela.text.FMSTR_GetRecStatus
                0x40000034        0x0 ./Project_Settings/Startup_Code/startup.o
 .rela.text.FMSTR_GetRecBuff
                0x40000034        0x0 ./Project_Settings/Startup_Code/startup.o
 .rela.text.FMSTR_Recorder
                0x40000034        0x0 ./Project_Settings/Startup_Code/startup.o
 .rela.text.FMSTR_Recorder2
                0x40000034        0x0 ./Project_Settings/Startup_Code/startup.o
 .rela.text.INTC_InstallINTCInterruptHandler
                0x40000034        0x0 ./Project_Settings/Startup_Code/startup.o
 .rela.text.INTC_Init
                0x40000034        0x0 ./Project_Settings/Startup_Code/startup.o
 .rela.text.ISR36_STM0_CH0
                0x40000034        0x0 ./Project_Settings/Startup_Code/startup.o
 .rela.text.sgen_init
                0x40000034        0x0 ./Project_Settings/Startup_Code/startup.o
 .rela.text.SGEN_EnableTrigger
                0x40000034        0x0 ./Project_Settings/Startup_Code/startup.o
 .rela.text.SGEN_EnableOutput
                0x40000034        0x0 ./Project_Settings/Startup_Code/startup.o
 .rela.text.SGEN_DisableOutput
                0x40000034        0x0 ./Project_Settings/Startup_Code/startup.o
 .rela.text.vfnUart1RxIsr
                0x40000034        0x0 ./Project_Settings/Startup_Code/startup.o
 .rela.text.uart_init
                0x40000034        0x0 ./Project_Settings/Startup_Code/startup.o
 .rela.text.uart_tx_isr
                0x40000034        0x0 ./Project_Settings/Startup_Code/startup.o
 .rela.data.stUart0RxInfo
                0x40000034        0x0 ./Project_Settings/Startup_Code/startup.o
 .rela.data.stUart1RxInfo
                0x40000034        0x0 ./Project_Settings/Startup_Code/startup.o
 .rela.text.etimer0_init
                0x40000034        0x0 ./Project_Settings/Startup_Code/startup.o
 .rela.text.etimer1_init
                0x40000034        0x0 ./Project_Settings/Startup_Code/startup.o
 .rela.text.etimer2_init
                0x40000034        0x0 ./Project_Settings/Startup_Code/startup.o
 .rela.text.eTimer1_vInit
                0x40000034        0x0 ./Project_Settings/Startup_Code/startup.o
 .rela.intc_vector_table
                0x40000034        0x0 ./Project_Settings/Startup_Code/startup.o
 .rela.text     0x40000034        0x0 ./Project_Settings/Startup_Code/startup.o
 .rela.text.__pformatterFP
                0x40000034        0x0 ./Project_Settings/Startup_Code/startup.o
 .rela.text.isupper
                0x40000034        0x0 ./Project_Settings/Startup_Code/startup.o
 .rela.text.__dec2num
                0x40000034        0x0 ./Project_Settings/Startup_Code/startup.o
 .rela.text.__ieee754_pow
                0x40000034        0x0 ./Project_Settings/Startup_Code/startup.o
 .rela.text.__ieee754_sqrt
                0x40000034        0x0 ./Project_Settings/Startup_Code/startup.o

.sbss2
 *(.sbss2)
 *(.sbss2.*)

.sdata          0x40000034        0x4 load address 0x0100761c
 *(.sdata)
 .sdata         0x40000034        0x0 ./Project_Settings/Startup_Code/startup.o
                0x40008034                _SDA_BASE_
 *(.sdata.*)
 .sdata.ADC_VALUE1
                0x40000034        0x4 ./src/ADC-demo.o
                0x40000034                ADC_VALUE1

.bss            0x40000038        0x8 load address 0x01007620
                0x40000038                __BSS_START = .
 *(.sbss)
 .sbss          0x40000038        0x0 ./Project_Settings/Startup_Code/startup.o
 .sbss          0x40000038        0x4 ./src/ADC-demo.o
                0x40000038                u32ADC_Result
                0x4000003a                u16ADC_Result
 *(.sbss.*)
 .sbss.ADC_VALUE0
                0x4000003c        0x4 ./src/ADC-demo.o
                0x4000003c                ADC_VALUE0
 *(.bss)
 *(.bss.*)
 *(COMMON)
                0x40000040                __BSS_END = .

.iplt           0x40000040        0x0 load address 0x01007620
 .iplt          0x40000040        0x0 ./Project_Settings/Startup_Code/startup.o

.stack          0x40000040     0x4004 load address 0x01007620
                0x40000040                __HEAP = .
                0x40000040                . = (. + __HEAP_SIZE)
                0x40000040                __HEAP_END = .
                0x40000040                _stack_end = .
                0x40004040                . = (. + __STACK_SIZE)
 *fill*         0x40000040     0x4000 
                0x40004040                _stack_addr = .
                0x40004040                __SP_INIT = .
                0x40004044                . = (. + 0x4)
 *fill*         0x40004040        0x4 
                0x40000000                __DATA_SRAM_ADDR = ADDR (.data)
                0x40000034                __SDATA_SRAM_ADDR = ADDR (.sdata)
                0x00000034                __DATA_SIZE = SIZEOF (.data)
                0x00000004                __SDATA_SIZE = SIZEOF (.sdata)
                0x010075e8                __DATA_ROM_ADDR = LOADADDR (.data)
                0x0100761c                __SDATA_ROM_ADDR = LOADADDR (.sdata)
                0x00060000                __SRAM_SIZE = SRAM_SIZE
                0x40000000                __SRAM_BASE_ADDR = SRAM_BASE_ADDR
                0x00010000                __LOCAL_DMEM_SIZE = LOCALDMEM_SIZE
                0x50800000                __LOCAL_DMEM_BASE_ADDR = LOCALDMEM_BASE_ADDR
                0x00000008                __BSS_SIZE = (__BSS_END - __BSS_START)
OUTPUT(MPC5744P.elf elf32-powerpc)

.PPC.EMB.apuinfo
                0x00000000       0x20
 .PPC.EMB.apuinfo
                0x00000000       0x18 ./Project_Settings/Startup_Code/startup.o
 .PPC.EMB.apuinfo
                0x00000018       0x1c ./src/drivers/ADC/ADC.o
 .PPC.EMB.apuinfo
                0x00000034       0x18 ./src/drivers/CTU/CTU.o
 .PPC.EMB.apuinfo
                0x0000004c       0x18 ./src/drivers/DSPI/DSPI.o
 .PPC.EMB.apuinfo
                0x00000064       0x18 ./src/drivers/FCCU/FCCU.o
 .PPC.EMB.apuinfo
                0x0000007c       0x18 ./src/drivers/FlexCAN/CAN.o
 .PPC.EMB.apuinfo
                0x00000094       0x18 ./src/drivers/FlexPWM/flexpwm.o
 .PPC.EMB.apuinfo
                0x000000ac       0x18 ./src/drivers/FreeMASTER/freemaster_serial.o
 .PPC.EMB.apuinfo
                0x000000c4       0x18 ./src/drivers/FreeMASTER/freemaster_scope.o
 .PPC.EMB.apuinfo
                0x000000dc       0x1c ./src/drivers/FreeMASTER/freemaster_rec.o
 .PPC.EMB.apuinfo
                0x000000f8       0x18 ./src/drivers/FreeMASTER/freemaster_protocol.o
 .PPC.EMB.apuinfo
                0x00000110       0x18 ./src/drivers/FreeMASTER/freemaster_appcmd.o
 .PPC.EMB.apuinfo
                0x00000128       0x18 ./src/drivers/FreeMASTER/freemaster_MPC56xx.o
 .PPC.EMB.apuinfo
                0x00000140       0x18 ./src/drivers/INTC/INTC.o
 .PPC.EMB.apuinfo
                0x00000158       0x18 ./src/drivers/LINFlex/LINFLEX.o
 .PPC.EMB.apuinfo
                0x00000170       0x18 ./src/drivers/LLD_INIT/MPC5744P_LLD.o
 .PPC.EMB.apuinfo
                0x00000188       0x18 ./src/drivers/ME/ME.o
 .PPC.EMB.apuinfo
                0x000001a0       0x18 ./src/drivers/PIT/PIT_IRQ.o
 .PPC.EMB.apuinfo
                0x000001b8       0x18 ./src/drivers/PIT/PIT.o
 .PPC.EMB.apuinfo
                0x000001d0       0x18 ./src/drivers/SIUL/SIUL.o
 .PPC.EMB.apuinfo
                0x000001e8       0x18 ./src/drivers/SWG/SWG.o
 .PPC.EMB.apuinfo
                0x00000200       0x18 ./src/drivers/UART/uart_irq.o
 .PPC.EMB.apuinfo
                0x00000218       0x18 ./src/drivers/UART/uart_init.o
 .PPC.EMB.apuinfo
                0x00000230       0x1c ./src/drivers/UART/uart_console_io.o
 .PPC.EMB.apuinfo
                0x0000024c       0x18 ./src/drivers/UART/uart.o
 .PPC.EMB.apuinfo
                0x00000264       0x18 ./src/drivers/eTimer/eTimer.o
 .PPC.EMB.apuinfo
                0x0000027c       0x18 ./src/intc_sw_handlers.o
 .PPC.EMB.apuinfo
                0x00000294       0x18 ./src/intc_SW_mode_isr_vectors_MPC5744P.o
 .PPC.EMB.apuinfo
                0x000002ac       0x18 ./src/Vector.o
 .PPC.EMB.apuinfo
                0x000002c4       0x18 ./src/MPC57xx__Interrupt_Init.o
 .PPC.EMB.apuinfo
                0x000002dc       0x18 ./src/ADC-demo.o
 .PPC.EMB.apuinfo
                0x000002f4       0x1c C:/Freescale/S32_Power_v1.1/S32DS/e200_ewl2/lib/fp/e200z4\libc.a(printformat_fp.o)
 .PPC.EMB.apuinfo
                0x00000310       0x1c C:/Freescale/S32_Power_v1.1/S32DS/e200_ewl2/lib/fp/e200z4\libc.a(isupper.o)
 .PPC.EMB.apuinfo
                0x0000032c       0x1c C:/Freescale/S32_Power_v1.1/S32DS/e200_ewl2/lib/fp/e200z4\libc.a(locale.o)
 .PPC.EMB.apuinfo
                0x00000348       0x18 C:/Freescale/S32_Power_v1.1/S32DS/e200_ewl2/lib/fp/e200z4\libc.a(memchr.o)
 .PPC.EMB.apuinfo
                0x00000360       0x1c C:/Freescale/S32_Power_v1.1/S32DS/e200_ewl2/lib/fp/e200z4\libc.a(strchr.o)
 .PPC.EMB.apuinfo
                0x0000037c       0x18 C:/Freescale/S32_Power_v1.1/S32DS/e200_ewl2/lib/fp/e200z4\libc.a(strcmp.o)
 .PPC.EMB.apuinfo
                0x00000394       0x18 C:/Freescale/S32_Power_v1.1/S32DS/e200_ewl2/lib/fp/e200z4\libc.a(strcpy.o)
 .PPC.EMB.apuinfo
                0x000003ac       0x18 C:/Freescale/S32_Power_v1.1/S32DS/e200_ewl2/lib/fp/e200z4\libc.a(strlen.o)
 .PPC.EMB.apuinfo
                0x000003c4       0x1c C:/Freescale/S32_Power_v1.1/S32DS/e200_ewl2/lib/fp/e200z4\libm.a(ansi_fp.o)
 .PPC.EMB.apuinfo
                0x000003e0       0x18 C:/Freescale/S32_Power_v1.1/S32DS/e200_ewl2/lib/fp/e200z4\libm.a(float.o)
 .PPC.EMB.apuinfo
                0x000003f8       0x1c C:/Freescale/S32_Power_v1.1/S32DS/e200_ewl2/lib/fp/e200z4\libm.a(math_api.o)
 .PPC.EMB.apuinfo
                0x00000414       0x18 C:/Freescale/S32_Power_v1.1/S32DS/e200_ewl2/lib/fp/e200z4\libm.a(round.o)
 .PPC.EMB.apuinfo
                0x0000042c       0x1c C:/Freescale/S32_Power_v1.1/S32DS/e200_ewl2/lib/fp/e200z4\libm.a(s_floor.o)
 .PPC.EMB.apuinfo
                0x00000448       0x18 C:/Freescale/S32_Power_v1.1/S32DS/e200_ewl2/lib/fp/e200z4\libm.a(s_frexp.o)
 .PPC.EMB.apuinfo
                0x00000460       0x18 C:/Freescale/S32_Power_v1.1/S32DS/e200_ewl2/lib/fp/e200z4\libm.a(s_ldexp.o)
 .PPC.EMB.apuinfo
                0x00000478       0x18 C:/Freescale/S32_Power_v1.1/S32DS/e200_ewl2/lib/fp/e200z4\libm.a(s_modf.o)
 .PPC.EMB.apuinfo
                0x00000490       0x18 C:/Freescale/S32_Power_v1.1/S32DS/e200_ewl2/lib/fp/e200z4\libm.a(w_pow.o)
 .PPC.EMB.apuinfo
                0x000004a8       0x1c C:/Freescale/S32_Power_v1.1/S32DS/e200_ewl2/lib/fp/e200z4\libm.a(e_pow.o)
 .PPC.EMB.apuinfo
                0x000004c4       0x18 C:/Freescale/S32_Power_v1.1/S32DS/e200_ewl2/lib/fp/e200z4\libm.a(scalbn.o)
 .PPC.EMB.apuinfo
                0x000004dc       0x18 C:/Freescale/S32_Power_v1.1/S32DS/e200_ewl2/lib/fp/e200z4\libm.a(w_sqrt.o)
 .PPC.EMB.apuinfo
                0x000004f4       0x1c C:/Freescale/S32_Power_v1.1/S32DS/e200_ewl2/lib/fp/e200z4\libm.a(e_sqrt.o)
 .PPC.EMB.apuinfo
                0x00000510       0x18 c:/freescale/s32_power_v1.1/cross_tools/powerpc-eabivle-4_9/bin/../lib/gcc/powerpc-eabivle/4.9.2/fp/e200z4\libgcc.a(_lshrdi3.o)
 .PPC.EMB.apuinfo
                0x00000528       0x18 c:/freescale/s32_power_v1.1/cross_tools/powerpc-eabivle-4_9/bin/../lib/gcc/powerpc-eabivle/4.9.2/fp/e200z4\libgcc.a(_ashldi3.o)
 .PPC.EMB.apuinfo
                0x00000540       0x18 c:/freescale/s32_power_v1.1/cross_tools/powerpc-eabivle-4_9/bin/../lib/gcc/powerpc-eabivle/4.9.2/fp/e200z4\libgcc.a(_fixunsdfsi.o)
 .PPC.EMB.apuinfo
                0x00000558       0x18 c:/freescale/s32_power_v1.1/cross_tools/powerpc-eabivle-4_9/bin/../lib/gcc/powerpc-eabivle/4.9.2/fp/e200z4\libgcc.a(_fixunsdfdi.o)
 .PPC.EMB.apuinfo
                0x00000570       0x1c c:/freescale/s32_power_v1.1/cross_tools/powerpc-eabivle-4_9/bin/../lib/gcc/powerpc-eabivle/4.9.2/fp/e200z4\libgcc.a(_udivdi3.o)
 .PPC.EMB.apuinfo
                0x0000058c       0x1c c:/freescale/s32_power_v1.1/cross_tools/powerpc-eabivle-4_9/bin/../lib/gcc/powerpc-eabivle/4.9.2/fp/e200z4\libgcc.a(_umoddi3.o)
 .PPC.EMB.apuinfo
                0x000005a8       0x18 c:/freescale/s32_power_v1.1/cross_tools/powerpc-eabivle-4_9/bin/../lib/gcc/powerpc-eabivle/4.9.2/fp/e200z4\libgcc.a(_sf_to_df.o)
 .PPC.EMB.apuinfo
                0x000005c0       0x1c c:/freescale/s32_power_v1.1/cross_tools/powerpc-eabivle-4_9/bin/../lib/gcc/powerpc-eabivle/4.9.2/fp/e200z4\libgcc.a(_addsub_df.o)
 .PPC.EMB.apuinfo
                0x000005dc       0x1c c:/freescale/s32_power_v1.1/cross_tools/powerpc-eabivle-4_9/bin/../lib/gcc/powerpc-eabivle/4.9.2/fp/e200z4\libgcc.a(_mul_df.o)
 .PPC.EMB.apuinfo
                0x000005f8       0x18 c:/freescale/s32_power_v1.1/cross_tools/powerpc-eabivle-4_9/bin/../lib/gcc/powerpc-eabivle/4.9.2/fp/e200z4\libgcc.a(_div_df.o)
 .PPC.EMB.apuinfo
                0x00000610       0x18 c:/freescale/s32_power_v1.1/cross_tools/powerpc-eabivle-4_9/bin/../lib/gcc/powerpc-eabivle/4.9.2/fp/e200z4\libgcc.a(_eq_df.o)
 .PPC.EMB.apuinfo
                0x00000628       0x18 c:/freescale/s32_power_v1.1/cross_tools/powerpc-eabivle-4_9/bin/../lib/gcc/powerpc-eabivle/4.9.2/fp/e200z4\libgcc.a(_gt_df.o)
 .PPC.EMB.apuinfo
                0x00000640       0x18 c:/freescale/s32_power_v1.1/cross_tools/powerpc-eabivle-4_9/bin/../lib/gcc/powerpc-eabivle/4.9.2/fp/e200z4\libgcc.a(_ge_df.o)
 .PPC.EMB.apuinfo
                0x00000658       0x18 c:/freescale/s32_power_v1.1/cross_tools/powerpc-eabivle-4_9/bin/../lib/gcc/powerpc-eabivle/4.9.2/fp/e200z4\libgcc.a(_lt_df.o)
 .PPC.EMB.apuinfo
                0x00000670       0x18 c:/freescale/s32_power_v1.1/cross_tools/powerpc-eabivle-4_9/bin/../lib/gcc/powerpc-eabivle/4.9.2/fp/e200z4\libgcc.a(_le_df.o)
 .PPC.EMB.apuinfo
                0x00000688       0x18 c:/freescale/s32_power_v1.1/cross_tools/powerpc-eabivle-4_9/bin/../lib/gcc/powerpc-eabivle/4.9.2/fp/e200z4\libgcc.a(_si_to_df.o)
 .PPC.EMB.apuinfo
                0x000006a0       0x1c c:/freescale/s32_power_v1.1/cross_tools/powerpc-eabivle-4_9/bin/../lib/gcc/powerpc-eabivle/4.9.2/fp/e200z4\libgcc.a(_df_to_si.o)
 .PPC.EMB.apuinfo
                0x000006bc       0x18 c:/freescale/s32_power_v1.1/cross_tools/powerpc-eabivle-4_9/bin/../lib/gcc/powerpc-eabivle/4.9.2/fp/e200z4\libgcc.a(_make_df.o)
 .PPC.EMB.apuinfo
                0x000006d4       0x18 c:/freescale/s32_power_v1.1/cross_tools/powerpc-eabivle-4_9/bin/../lib/gcc/powerpc-eabivle/4.9.2/fp/e200z4\libgcc.a(_usi_to_df.o)
 .PPC.EMB.apuinfo
                0x000006ec       0x18 c:/freescale/s32_power_v1.1/cross_tools/powerpc-eabivle-4_9/bin/../lib/gcc/powerpc-eabivle/4.9.2/fp/e200z4\libgcc.a(e200crtsavgpr.o)
 .PPC.EMB.apuinfo
                0x00000704       0x18 c:/freescale/s32_power_v1.1/cross_tools/powerpc-eabivle-4_9/bin/../lib/gcc/powerpc-eabivle/4.9.2/fp/e200z4\libgcc.a(e200crtresxgpr.o)
 .PPC.EMB.apuinfo
                0x0000071c       0x18 c:/freescale/s32_power_v1.1/cross_tools/powerpc-eabivle-4_9/bin/../lib/gcc/powerpc-eabivle/4.9.2/fp/e200z4\libgcc.a(_unpack_sf.o)
 .PPC.EMB.apuinfo
                0x00000734       0x1c c:/freescale/s32_power_v1.1/cross_tools/powerpc-eabivle-4_9/bin/../lib/gcc/powerpc-eabivle/4.9.2/fp/e200z4\libgcc.a(_pack_df.o)
 .PPC.EMB.apuinfo
                0x00000750       0x18 c:/freescale/s32_power_v1.1/cross_tools/powerpc-eabivle-4_9/bin/../lib/gcc/powerpc-eabivle/4.9.2/fp/e200z4\libgcc.a(_unpack_df.o)
 .PPC.EMB.apuinfo
                0x00000768       0x18 c:/freescale/s32_power_v1.1/cross_tools/powerpc-eabivle-4_9/bin/../lib/gcc/powerpc-eabivle/4.9.2/fp/e200z4\libgcc.a(_fpcmp_parts_df.o)
 .PPC.EMB.apuinfo
                0x00000780       0x18 C:/Freescale/S32_Power_v1.1/S32DS/e200_ewl2/lib/fp/e200z4\libc.a(memcpy.o)

.comment        0x00000000       0xa8
 .comment       0x00000000       0x54 ./src/drivers/ADC/ADC.o
                                 0x55 (size before relaxing)
 .comment       0x00000054       0x55 ./src/drivers/CTU/CTU.o
 .comment       0x00000054       0x55 ./src/drivers/DSPI/DSPI.o
 .comment       0x00000054       0x55 ./src/drivers/FCCU/FCCU.o
 .comment       0x00000054       0x55 ./src/drivers/FlexCAN/CAN.o
 .comment       0x00000054       0x55 ./src/drivers/FlexPWM/flexpwm.o
 .comment       0x00000054       0x55 ./src/drivers/FreeMASTER/freemaster_serial.o
 .comment       0x00000054       0x55 ./src/drivers/FreeMASTER/freemaster_scope.o
 .comment       0x00000054       0x55 ./src/drivers/FreeMASTER/freemaster_rec.o
 .comment       0x00000054       0x55 ./src/drivers/FreeMASTER/freemaster_protocol.o
 .comment       0x00000054       0x55 ./src/drivers/FreeMASTER/freemaster_appcmd.o
 .comment       0x00000054       0x55 ./src/drivers/FreeMASTER/freemaster_MPC56xx.o
 .comment       0x00000054       0x55 ./src/drivers/INTC/INTC.o
 .comment       0x00000054       0x55 ./src/drivers/LINFlex/LINFLEX.o
 .comment       0x00000054       0x55 ./src/drivers/LLD_INIT/MPC5744P_LLD.o
 .comment       0x00000054       0x55 ./src/drivers/ME/ME.o
 .comment       0x00000054       0x55 ./src/drivers/PIT/PIT_IRQ.o
 .comment       0x00000054       0x55 ./src/drivers/PIT/PIT.o
 .comment       0x00000054       0x55 ./src/drivers/SIUL/SIUL.o
 .comment       0x00000054       0x55 ./src/drivers/SWG/SWG.o
 .comment       0x00000054       0x55 ./src/drivers/UART/uart_irq.o
 .comment       0x00000054       0x55 ./src/drivers/UART/uart_init.o
 .comment       0x00000054       0x55 ./src/drivers/UART/uart_console_io.o
 .comment       0x00000054       0x55 ./src/drivers/UART/uart.o
 .comment       0x00000054       0x55 ./src/drivers/eTimer/eTimer.o
 .comment       0x00000054       0x55 ./src/intc_SW_mode_isr_vectors_MPC5744P.o
 .comment       0x00000054       0x55 ./src/flashrchw.o
 .comment       0x00000054       0x55 ./src/Vector.o
 .comment       0x00000054       0x55 ./src/MPC57xx__Interrupt_Init.o
 .comment       0x00000054       0x55 ./src/ADC-demo.o
 .comment       0x00000054       0x54 C:/Freescale/S32_Power_v1.1/S32DS/e200_ewl2/lib/fp/e200z4\libc.a(printformat_fp.o)
                                 0x55 (size before relaxing)
 .comment       0x000000a8       0x55 C:/Freescale/S32_Power_v1.1/S32DS/e200_ewl2/lib/fp/e200z4\libc.a(isupper.o)
 .comment       0x000000a8       0x55 C:/Freescale/S32_Power_v1.1/S32DS/e200_ewl2/lib/fp/e200z4\libc.a(locale.o)
 .comment       0x000000a8       0x55 C:/Freescale/S32_Power_v1.1/S32DS/e200_ewl2/lib/fp/e200z4\libc.a(memchr.o)
 .comment       0x000000a8       0x55 C:/Freescale/S32_Power_v1.1/S32DS/e200_ewl2/lib/fp/e200z4\libc.a(strchr.o)
 .comment       0x000000a8       0x55 C:/Freescale/S32_Power_v1.1/S32DS/e200_ewl2/lib/fp/e200z4\libc.a(strcmp.o)
 .comment       0x000000a8       0x55 C:/Freescale/S32_Power_v1.1/S32DS/e200_ewl2/lib/fp/e200z4\libc.a(strcpy.o)
 .comment       0x000000a8       0x55 C:/Freescale/S32_Power_v1.1/S32DS/e200_ewl2/lib/fp/e200z4\libc.a(strlen.o)
 .comment       0x000000a8       0x55 C:/Freescale/S32_Power_v1.1/S32DS/e200_ewl2/lib/fp/e200z4\libc.a(ctype.o)
 .comment       0x000000a8       0x55 C:/Freescale/S32_Power_v1.1/S32DS/e200_ewl2/lib/fp/e200z4\libm.a(ansi_fp.o)
 .comment       0x000000a8       0x55 C:/Freescale/S32_Power_v1.1/S32DS/e200_ewl2/lib/fp/e200z4\libm.a(float.o)
 .comment       0x000000a8       0x55 C:/Freescale/S32_Power_v1.1/S32DS/e200_ewl2/lib/fp/e200z4\libm.a(math_api.o)
 .comment       0x000000a8       0x55 C:/Freescale/S32_Power_v1.1/S32DS/e200_ewl2/lib/fp/e200z4\libm.a(round.o)
 .comment       0x000000a8       0x55 C:/Freescale/S32_Power_v1.1/S32DS/e200_ewl2/lib/fp/e200z4\libm.a(s_floor.o)
 .comment       0x000000a8       0x55 C:/Freescale/S32_Power_v1.1/S32DS/e200_ewl2/lib/fp/e200z4\libm.a(s_frexp.o)
 .comment       0x000000a8       0x55 C:/Freescale/S32_Power_v1.1/S32DS/e200_ewl2/lib/fp/e200z4\libm.a(s_ldexp.o)
 .comment       0x000000a8       0x55 C:/Freescale/S32_Power_v1.1/S32DS/e200_ewl2/lib/fp/e200z4\libm.a(s_modf.o)
 .comment       0x000000a8       0x55 C:/Freescale/S32_Power_v1.1/S32DS/e200_ewl2/lib/fp/e200z4\libm.a(w_pow.o)
 .comment       0x000000a8       0x55 C:/Freescale/S32_Power_v1.1/S32DS/e200_ewl2/lib/fp/e200z4\libm.a(e_pow.o)
 .comment       0x000000a8       0x55 C:/Freescale/S32_Power_v1.1/S32DS/e200_ewl2/lib/fp/e200z4\libm.a(scalbn.o)
 .comment       0x000000a8       0x55 C:/Freescale/S32_Power_v1.1/S32DS/e200_ewl2/lib/fp/e200z4\libm.a(w_sqrt.o)
 .comment       0x000000a8       0x55 C:/Freescale/S32_Power_v1.1/S32DS/e200_ewl2/lib/fp/e200z4\libm.a(e_sqrt.o)
 .comment       0x000000a8       0x55 c:/freescale/s32_power_v1.1/cross_tools/powerpc-eabivle-4_9/bin/../lib/gcc/powerpc-eabivle/4.9.2/fp/e200z4\libgcc.a(_lshrdi3.o)
 .comment       0x000000a8       0x55 c:/freescale/s32_power_v1.1/cross_tools/powerpc-eabivle-4_9/bin/../lib/gcc/powerpc-eabivle/4.9.2/fp/e200z4\libgcc.a(_ashldi3.o)
 .comment       0x000000a8       0x55 c:/freescale/s32_power_v1.1/cross_tools/powerpc-eabivle-4_9/bin/../lib/gcc/powerpc-eabivle/4.9.2/fp/e200z4\libgcc.a(_fixunsdfsi.o)
 .comment       0x000000a8       0x55 c:/freescale/s32_power_v1.1/cross_tools/powerpc-eabivle-4_9/bin/../lib/gcc/powerpc-eabivle/4.9.2/fp/e200z4\libgcc.a(_fixunsdfdi.o)
 .comment       0x000000a8       0x55 c:/freescale/s32_power_v1.1/cross_tools/powerpc-eabivle-4_9/bin/../lib/gcc/powerpc-eabivle/4.9.2/fp/e200z4\libgcc.a(_udivdi3.o)
 .comment       0x000000a8       0x55 c:/freescale/s32_power_v1.1/cross_tools/powerpc-eabivle-4_9/bin/../lib/gcc/powerpc-eabivle/4.9.2/fp/e200z4\libgcc.a(_umoddi3.o)
 .comment       0x000000a8       0x55 c:/freescale/s32_power_v1.1/cross_tools/powerpc-eabivle-4_9/bin/../lib/gcc/powerpc-eabivle/4.9.2/fp/e200z4\libgcc.a(_sf_to_df.o)
 .comment       0x000000a8       0x55 c:/freescale/s32_power_v1.1/cross_tools/powerpc-eabivle-4_9/bin/../lib/gcc/powerpc-eabivle/4.9.2/fp/e200z4\libgcc.a(_addsub_df.o)
 .comment       0x000000a8       0x55 c:/freescale/s32_power_v1.1/cross_tools/powerpc-eabivle-4_9/bin/../lib/gcc/powerpc-eabivle/4.9.2/fp/e200z4\libgcc.a(_mul_df.o)
 .comment       0x000000a8       0x55 c:/freescale/s32_power_v1.1/cross_tools/powerpc-eabivle-4_9/bin/../lib/gcc/powerpc-eabivle/4.9.2/fp/e200z4\libgcc.a(_div_df.o)
 .comment       0x000000a8       0x55 c:/freescale/s32_power_v1.1/cross_tools/powerpc-eabivle-4_9/bin/../lib/gcc/powerpc-eabivle/4.9.2/fp/e200z4\libgcc.a(_eq_df.o)
 .comment       0x000000a8       0x55 c:/freescale/s32_power_v1.1/cross_tools/powerpc-eabivle-4_9/bin/../lib/gcc/powerpc-eabivle/4.9.2/fp/e200z4\libgcc.a(_gt_df.o)
 .comment       0x000000a8       0x55 c:/freescale/s32_power_v1.1/cross_tools/powerpc-eabivle-4_9/bin/../lib/gcc/powerpc-eabivle/4.9.2/fp/e200z4\libgcc.a(_ge_df.o)
 .comment       0x000000a8       0x55 c:/freescale/s32_power_v1.1/cross_tools/powerpc-eabivle-4_9/bin/../lib/gcc/powerpc-eabivle/4.9.2/fp/e200z4\libgcc.a(_lt_df.o)
 .comment       0x000000a8       0x55 c:/freescale/s32_power_v1.1/cross_tools/powerpc-eabivle-4_9/bin/../lib/gcc/powerpc-eabivle/4.9.2/fp/e200z4\libgcc.a(_le_df.o)
 .comment       0x000000a8       0x55 c:/freescale/s32_power_v1.1/cross_tools/powerpc-eabivle-4_9/bin/../lib/gcc/powerpc-eabivle/4.9.2/fp/e200z4\libgcc.a(_si_to_df.o)
 .comment       0x000000a8       0x55 c:/freescale/s32_power_v1.1/cross_tools/powerpc-eabivle-4_9/bin/../lib/gcc/powerpc-eabivle/4.9.2/fp/e200z4\libgcc.a(_df_to_si.o)
 .comment       0x000000a8       0x55 c:/freescale/s32_power_v1.1/cross_tools/powerpc-eabivle-4_9/bin/../lib/gcc/powerpc-eabivle/4.9.2/fp/e200z4\libgcc.a(_make_df.o)
 .comment       0x000000a8       0x55 c:/freescale/s32_power_v1.1/cross_tools/powerpc-eabivle-4_9/bin/../lib/gcc/powerpc-eabivle/4.9.2/fp/e200z4\libgcc.a(_thenan_df.o)
 .comment       0x000000a8       0x55 c:/freescale/s32_power_v1.1/cross_tools/powerpc-eabivle-4_9/bin/../lib/gcc/powerpc-eabivle/4.9.2/fp/e200z4\libgcc.a(_usi_to_df.o)
 .comment       0x000000a8       0x55 c:/freescale/s32_power_v1.1/cross_tools/powerpc-eabivle-4_9/bin/../lib/gcc/powerpc-eabivle/4.9.2/fp/e200z4\libgcc.a(_unpack_sf.o)
 .comment       0x000000a8       0x55 c:/freescale/s32_power_v1.1/cross_tools/powerpc-eabivle-4_9/bin/../lib/gcc/powerpc-eabivle/4.9.2/fp/e200z4\libgcc.a(_pack_df.o)
 .comment       0x000000a8       0x55 c:/freescale/s32_power_v1.1/cross_tools/powerpc-eabivle-4_9/bin/../lib/gcc/powerpc-eabivle/4.9.2/fp/e200z4\libgcc.a(_unpack_df.o)
 .comment       0x000000a8       0x55 c:/freescale/s32_power_v1.1/cross_tools/powerpc-eabivle-4_9/bin/../lib/gcc/powerpc-eabivle/4.9.2/fp/e200z4\libgcc.a(_fpcmp_parts_df.o)
 .comment       0x000000a8       0x55 C:/Freescale/S32_Power_v1.1/S32DS/e200_ewl2/lib/fp/e200z4\libc.a(memcpy.o)

.gnu.attributes
                0x00000000       0x10
 .gnu.attributes
                0x00000000       0x10 ./src/drivers/ADC/ADC.o
 .gnu.attributes
                0x00000010       0x10 ./src/drivers/DSPI/DSPI.o
 .gnu.attributes
                0x00000020       0x10 ./src/drivers/LINFlex/LINFLEX.o
 .gnu.attributes
                0x00000030       0x10 ./src/drivers/LLD_INIT/MPC5744P_LLD.o
 .gnu.attributes
                0x00000040       0x10 ./src/drivers/PIT/PIT.o
 .gnu.attributes
                0x00000050       0x10 C:/Freescale/S32_Power_v1.1/S32DS/e200_ewl2/lib/fp/e200z4\libc.a(printformat_fp.o)
 .gnu.attributes
                0x00000060       0x10 C:/Freescale/S32_Power_v1.1/S32DS/e200_ewl2/lib/fp/e200z4\libm.a(ansi_fp.o)
 .gnu.attributes
                0x00000070       0x10 C:/Freescale/S32_Power_v1.1/S32DS/e200_ewl2/lib/fp/e200z4\libm.a(math_api.o)
 .gnu.attributes
                0x00000080       0x10 C:/Freescale/S32_Power_v1.1/S32DS/e200_ewl2/lib/fp/e200z4\libm.a(round.o)
 .gnu.attributes
                0x00000090       0x10 C:/Freescale/S32_Power_v1.1/S32DS/e200_ewl2/lib/fp/e200z4\libm.a(s_floor.o)
 .gnu.attributes
                0x000000a0       0x10 C:/Freescale/S32_Power_v1.1/S32DS/e200_ewl2/lib/fp/e200z4\libm.a(s_frexp.o)
 .gnu.attributes
                0x000000b0       0x10 C:/Freescale/S32_Power_v1.1/S32DS/e200_ewl2/lib/fp/e200z4\libm.a(s_ldexp.o)
 .gnu.attributes
                0x000000c0       0x10 C:/Freescale/S32_Power_v1.1/S32DS/e200_ewl2/lib/fp/e200z4\libm.a(s_modf.o)
 .gnu.attributes
                0x000000d0       0x10 C:/Freescale/S32_Power_v1.1/S32DS/e200_ewl2/lib/fp/e200z4\libm.a(w_pow.o)
 .gnu.attributes
                0x000000e0       0x10 C:/Freescale/S32_Power_v1.1/S32DS/e200_ewl2/lib/fp/e200z4\libm.a(e_pow.o)
 .gnu.attributes
                0x000000f0       0x10 C:/Freescale/S32_Power_v1.1/S32DS/e200_ewl2/lib/fp/e200z4\libm.a(scalbn.o)
 .gnu.attributes
                0x00000100       0x10 C:/Freescale/S32_Power_v1.1/S32DS/e200_ewl2/lib/fp/e200z4\libm.a(w_sqrt.o)
 .gnu.attributes
                0x00000110       0x10 C:/Freescale/S32_Power_v1.1/S32DS/e200_ewl2/lib/fp/e200z4\libm.a(e_sqrt.o)
 .gnu.attributes
                0x00000120       0x10 c:/freescale/s32_power_v1.1/cross_tools/powerpc-eabivle-4_9/bin/../lib/gcc/powerpc-eabivle/4.9.2/fp/e200z4\libgcc.a(_fixunsdfsi.o)
 .gnu.attributes
                0x00000130       0x10 c:/freescale/s32_power_v1.1/cross_tools/powerpc-eabivle-4_9/bin/../lib/gcc/powerpc-eabivle/4.9.2/fp/e200z4\libgcc.a(_fixunsdfdi.o)
 .gnu.attributes
                0x00000140       0x10 c:/freescale/s32_power_v1.1/cross_tools/powerpc-eabivle-4_9/bin/../lib/gcc/powerpc-eabivle/4.9.2/fp/e200z4\libgcc.a(_sf_to_df.o)
 .gnu.attributes
                0x00000150       0x10 c:/freescale/s32_power_v1.1/cross_tools/powerpc-eabivle-4_9/bin/../lib/gcc/powerpc-eabivle/4.9.2/fp/e200z4\libgcc.a(_addsub_df.o)
 .gnu.attributes
                0x00000160       0x10 c:/freescale/s32_power_v1.1/cross_tools/powerpc-eabivle-4_9/bin/../lib/gcc/powerpc-eabivle/4.9.2/fp/e200z4\libgcc.a(_mul_df.o)
 .gnu.attributes
                0x00000170       0x10 c:/freescale/s32_power_v1.1/cross_tools/powerpc-eabivle-4_9/bin/../lib/gcc/powerpc-eabivle/4.9.2/fp/e200z4\libgcc.a(_div_df.o)
 .gnu.attributes
                0x00000180       0x10 c:/freescale/s32_power_v1.1/cross_tools/powerpc-eabivle-4_9/bin/../lib/gcc/powerpc-eabivle/4.9.2/fp/e200z4\libgcc.a(_eq_df.o)
 .gnu.attributes
                0x00000190       0x10 c:/freescale/s32_power_v1.1/cross_tools/powerpc-eabivle-4_9/bin/../lib/gcc/powerpc-eabivle/4.9.2/fp/e200z4\libgcc.a(_gt_df.o)
 .gnu.attributes
                0x000001a0       0x10 c:/freescale/s32_power_v1.1/cross_tools/powerpc-eabivle-4_9/bin/../lib/gcc/powerpc-eabivle/4.9.2/fp/e200z4\libgcc.a(_ge_df.o)
 .gnu.attributes
                0x000001b0       0x10 c:/freescale/s32_power_v1.1/cross_tools/powerpc-eabivle-4_9/bin/../lib/gcc/powerpc-eabivle/4.9.2/fp/e200z4\libgcc.a(_lt_df.o)
 .gnu.attributes
                0x000001c0       0x10 c:/freescale/s32_power_v1.1/cross_tools/powerpc-eabivle-4_9/bin/../lib/gcc/powerpc-eabivle/4.9.2/fp/e200z4\libgcc.a(_le_df.o)
 .gnu.attributes
                0x000001d0       0x10 c:/freescale/s32_power_v1.1/cross_tools/powerpc-eabivle-4_9/bin/../lib/gcc/powerpc-eabivle/4.9.2/fp/e200z4\libgcc.a(_si_to_df.o)
 .gnu.attributes
                0x000001e0       0x10 c:/freescale/s32_power_v1.1/cross_tools/powerpc-eabivle-4_9/bin/../lib/gcc/powerpc-eabivle/4.9.2/fp/e200z4\libgcc.a(_df_to_si.o)
 .gnu.attributes
                0x000001f0       0x10 c:/freescale/s32_power_v1.1/cross_tools/powerpc-eabivle-4_9/bin/../lib/gcc/powerpc-eabivle/4.9.2/fp/e200z4\libgcc.a(_make_df.o)
 .gnu.attributes
                0x00000200       0x10 c:/freescale/s32_power_v1.1/cross_tools/powerpc-eabivle-4_9/bin/../lib/gcc/powerpc-eabivle/4.9.2/fp/e200z4\libgcc.a(_usi_to_df.o)
 .gnu.attributes
                0x00000210       0x10 c:/freescale/s32_power_v1.1/cross_tools/powerpc-eabivle-4_9/bin/../lib/gcc/powerpc-eabivle/4.9.2/fp/e200z4\libgcc.a(_pack_df.o)

.debug_line     0x00000000     0xa1b8
 .debug_line    0x00000000       0xff ./Project_Settings/Startup_Code/startup.o
 .debug_line    0x000000ff      0x84d ./src/drivers/ADC/ADC.o
 .debug_line    0x0000094c      0x3ef ./src/drivers/CTU/CTU.o
 .debug_line    0x00000d3b      0x679 ./src/drivers/DSPI/DSPI.o
 .debug_line    0x000013b4      0x28c ./src/drivers/FCCU/FCCU.o
 .debug_line    0x00001640      0x3fd ./src/drivers/FlexCAN/CAN.o
 .debug_line    0x00001a3d      0x459 ./src/drivers/FlexPWM/flexpwm.o
 .debug_line    0x00001e96      0x25e ./src/drivers/FreeMASTER/freemaster_serial.o
 .debug_line    0x000020f4      0x1ba ./src/drivers/FreeMASTER/freemaster_scope.o
 .debug_line    0x000022ae      0x3ee ./src/drivers/FreeMASTER/freemaster_rec.o
 .debug_line    0x0000269c      0x296 ./src/drivers/FreeMASTER/freemaster_protocol.o
 .debug_line    0x00002932      0x299 ./src/drivers/FreeMASTER/freemaster_appcmd.o
 .debug_line    0x00002bcb      0x1b7 ./src/drivers/FreeMASTER/freemaster_MPC56xx.o
 .debug_line    0x00002d82      0x2a8 ./src/drivers/INTC/INTC.o
 .debug_line    0x0000302a      0x660 ./src/drivers/LINFlex/LINFLEX.o
 .debug_line    0x0000368a      0x750 ./src/drivers/LLD_INIT/MPC5744P_LLD.o
 .debug_line    0x00003dda      0x2b9 ./src/drivers/ME/ME.o
 .debug_line    0x00004093      0x2bb ./src/drivers/PIT/PIT_IRQ.o
 .debug_line    0x0000434e      0x2f0 ./src/drivers/PIT/PIT.o
 .debug_line    0x0000463e      0x31f ./src/drivers/SIUL/SIUL.o
 .debug_line    0x0000495d      0x217 ./src/drivers/SWG/SWG.o
 .debug_line    0x00004b74      0x2e9 ./src/drivers/UART/uart_irq.o
 .debug_line    0x00004e5d      0x2db ./src/drivers/UART/uart_init.o
 .debug_line    0x00005138      0x36e ./src/drivers/UART/uart_console_io.o
 .debug_line    0x000054a6      0x3c8 ./src/drivers/UART/uart.o
 .debug_line    0x0000586e      0x3e2 ./src/drivers/eTimer/eTimer.o
 .debug_line    0x00005c50       0x5d ./src/intc_sw_handlers.o
 .debug_line    0x00005cad      0x1d3 ./src/intc_SW_mode_isr_vectors_MPC5744P.o
 .debug_line    0x00005e80      0x1a6 ./src/flashrchw.o
 .debug_line    0x00006026      0x1c1 ./src/Vector.o
 .debug_line    0x000061e7      0x222 ./src/MPC57xx__Interrupt_Init.o
 .debug_line    0x00006409      0x7e7 ./src/ADC-demo.o
 .debug_line    0x00006bf0      0x4b5 C:/Freescale/S32_Power_v1.1/S32DS/e200_ewl2/lib/fp/e200z4\libc.a(printformat_fp.o)
 .debug_line    0x000070a5       0x85 C:/Freescale/S32_Power_v1.1/S32DS/e200_ewl2/lib/fp/e200z4\libc.a(isupper.o)
 .debug_line    0x0000712a       0x9a C:/Freescale/S32_Power_v1.1/S32DS/e200_ewl2/lib/fp/e200z4\libc.a(locale.o)
 .debug_line    0x000071c4       0x97 C:/Freescale/S32_Power_v1.1/S32DS/e200_ewl2/lib/fp/e200z4\libc.a(memchr.o)
 .debug_line    0x0000725b       0x8a C:/Freescale/S32_Power_v1.1/S32DS/e200_ewl2/lib/fp/e200z4\libc.a(strchr.o)
 .debug_line    0x000072e5       0x7f C:/Freescale/S32_Power_v1.1/S32DS/e200_ewl2/lib/fp/e200z4\libc.a(strcmp.o)
 .debug_line    0x00007364       0x81 C:/Freescale/S32_Power_v1.1/S32DS/e200_ewl2/lib/fp/e200z4\libc.a(strcpy.o)
 .debug_line    0x000073e5       0x88 C:/Freescale/S32_Power_v1.1/S32DS/e200_ewl2/lib/fp/e200z4\libc.a(strlen.o)
 .debug_line    0x0000746d       0x52 C:/Freescale/S32_Power_v1.1/S32DS/e200_ewl2/lib/fp/e200z4\libc.a(ctype.o)
 .debug_line    0x000074bf      0x509 C:/Freescale/S32_Power_v1.1/S32DS/e200_ewl2/lib/fp/e200z4\libm.a(ansi_fp.o)
 .debug_line    0x000079c8      0x18a C:/Freescale/S32_Power_v1.1/S32DS/e200_ewl2/lib/fp/e200z4\libm.a(float.o)
 .debug_line    0x00007b52      0x2a4 C:/Freescale/S32_Power_v1.1/S32DS/e200_ewl2/lib/fp/e200z4\libm.a(math_api.o)
 .debug_line    0x00007df6      0x1a4 C:/Freescale/S32_Power_v1.1/S32DS/e200_ewl2/lib/fp/e200z4\libm.a(round.o)
 .debug_line    0x00007f9a      0x1f0 C:/Freescale/S32_Power_v1.1/S32DS/e200_ewl2/lib/fp/e200z4\libm.a(s_floor.o)
 .debug_line    0x0000818a      0x1da C:/Freescale/S32_Power_v1.1/S32DS/e200_ewl2/lib/fp/e200z4\libm.a(s_frexp.o)
 .debug_line    0x00008364      0x1e4 C:/Freescale/S32_Power_v1.1/S32DS/e200_ewl2/lib/fp/e200z4\libm.a(s_ldexp.o)
 .debug_line    0x00008548      0x1e5 C:/Freescale/S32_Power_v1.1/S32DS/e200_ewl2/lib/fp/e200z4\libm.a(s_modf.o)
 .debug_line    0x0000872d      0x1bd C:/Freescale/S32_Power_v1.1/S32DS/e200_ewl2/lib/fp/e200z4\libm.a(w_pow.o)
 .debug_line    0x000088ea      0x369 C:/Freescale/S32_Power_v1.1/S32DS/e200_ewl2/lib/fp/e200z4\libm.a(e_pow.o)
 .debug_line    0x00008c53      0x199 C:/Freescale/S32_Power_v1.1/S32DS/e200_ewl2/lib/fp/e200z4\libm.a(scalbn.o)
 .debug_line    0x00008dec      0x1be C:/Freescale/S32_Power_v1.1/S32DS/e200_ewl2/lib/fp/e200z4\libm.a(w_sqrt.o)
 .debug_line    0x00008faa      0x248 C:/Freescale/S32_Power_v1.1/S32DS/e200_ewl2/lib/fp/e200z4\libm.a(e_sqrt.o)
 .debug_line    0x000091f2       0x76 c:/freescale/s32_power_v1.1/cross_tools/powerpc-eabivle-4_9/bin/../lib/gcc/powerpc-eabivle/4.9.2/fp/e200z4\libgcc.a(_lshrdi3.o)
 .debug_line    0x00009268       0x76 c:/freescale/s32_power_v1.1/cross_tools/powerpc-eabivle-4_9/bin/../lib/gcc/powerpc-eabivle/4.9.2/fp/e200z4\libgcc.a(_ashldi3.o)
 .debug_line    0x000092de       0x6d c:/freescale/s32_power_v1.1/cross_tools/powerpc-eabivle-4_9/bin/../lib/gcc/powerpc-eabivle/4.9.2/fp/e200z4\libgcc.a(_fixunsdfsi.o)
 .debug_line    0x0000934b       0x6c c:/freescale/s32_power_v1.1/cross_tools/powerpc-eabivle-4_9/bin/../lib/gcc/powerpc-eabivle/4.9.2/fp/e200z4\libgcc.a(_fixunsdfdi.o)
 .debug_line    0x000093b7       0xe0 c:/freescale/s32_power_v1.1/cross_tools/powerpc-eabivle-4_9/bin/../lib/gcc/powerpc-eabivle/4.9.2/fp/e200z4\libgcc.a(_udivdi3.o)
 .debug_line    0x00009497       0xea c:/freescale/s32_power_v1.1/cross_tools/powerpc-eabivle-4_9/bin/../lib/gcc/powerpc-eabivle/4.9.2/fp/e200z4\libgcc.a(_umoddi3.o)
 .debug_line    0x00009581       0x6b c:/freescale/s32_power_v1.1/cross_tools/powerpc-eabivle-4_9/bin/../lib/gcc/powerpc-eabivle/4.9.2/fp/e200z4\libgcc.a(_sf_to_df.o)
 .debug_line    0x000095ec      0x115 c:/freescale/s32_power_v1.1/cross_tools/powerpc-eabivle-4_9/bin/../lib/gcc/powerpc-eabivle/4.9.2/fp/e200z4\libgcc.a(_addsub_df.o)
 .debug_line    0x00009701       0xea c:/freescale/s32_power_v1.1/cross_tools/powerpc-eabivle-4_9/bin/../lib/gcc/powerpc-eabivle/4.9.2/fp/e200z4\libgcc.a(_mul_df.o)
 .debug_line    0x000097eb       0xc7 c:/freescale/s32_power_v1.1/cross_tools/powerpc-eabivle-4_9/bin/../lib/gcc/powerpc-eabivle/4.9.2/fp/e200z4\libgcc.a(_div_df.o)
 .debug_line    0x000098b2       0x75 c:/freescale/s32_power_v1.1/cross_tools/powerpc-eabivle-4_9/bin/../lib/gcc/powerpc-eabivle/4.9.2/fp/e200z4\libgcc.a(_eq_df.o)
 .debug_line    0x00009927       0x75 c:/freescale/s32_power_v1.1/cross_tools/powerpc-eabivle-4_9/bin/../lib/gcc/powerpc-eabivle/4.9.2/fp/e200z4\libgcc.a(_gt_df.o)
 .debug_line    0x0000999c       0x75 c:/freescale/s32_power_v1.1/cross_tools/powerpc-eabivle-4_9/bin/../lib/gcc/powerpc-eabivle/4.9.2/fp/e200z4\libgcc.a(_ge_df.o)
 .debug_line    0x00009a11       0x75 c:/freescale/s32_power_v1.1/cross_tools/powerpc-eabivle-4_9/bin/../lib/gcc/powerpc-eabivle/4.9.2/fp/e200z4\libgcc.a(_lt_df.o)
 .debug_line    0x00009a86       0x75 c:/freescale/s32_power_v1.1/cross_tools/powerpc-eabivle-4_9/bin/../lib/gcc/powerpc-eabivle/4.9.2/fp/e200z4\libgcc.a(_le_df.o)
 .debug_line    0x00009afb       0x86 c:/freescale/s32_power_v1.1/cross_tools/powerpc-eabivle-4_9/bin/../lib/gcc/powerpc-eabivle/4.9.2/fp/e200z4\libgcc.a(_si_to_df.o)
 .debug_line    0x00009b81       0x76 c:/freescale/s32_power_v1.1/cross_tools/powerpc-eabivle-4_9/bin/../lib/gcc/powerpc-eabivle/4.9.2/fp/e200z4\libgcc.a(_df_to_si.o)
 .debug_line    0x00009bf7       0x6a c:/freescale/s32_power_v1.1/cross_tools/powerpc-eabivle-4_9/bin/../lib/gcc/powerpc-eabivle/4.9.2/fp/e200z4\libgcc.a(_make_df.o)
 .debug_line    0x00009c61       0x92 c:/freescale/s32_power_v1.1/cross_tools/powerpc-eabivle-4_9/bin/../lib/gcc/powerpc-eabivle/4.9.2/fp/e200z4\libgcc.a(_thenan_df.o)
 .debug_line    0x00009cf3       0x88 c:/freescale/s32_power_v1.1/cross_tools/powerpc-eabivle-4_9/bin/../lib/gcc/powerpc-eabivle/4.9.2/fp/e200z4\libgcc.a(_usi_to_df.o)
 .debug_line    0x00009d7b       0x7d c:/freescale/s32_power_v1.1/cross_tools/powerpc-eabivle-4_9/bin/../lib/gcc/powerpc-eabivle/4.9.2/fp/e200z4\libgcc.a(e200crtsavgpr.o)
 .debug_line    0x00009df8       0x81 c:/freescale/s32_power_v1.1/cross_tools/powerpc-eabivle-4_9/bin/../lib/gcc/powerpc-eabivle/4.9.2/fp/e200z4\libgcc.a(e200crtresxgpr.o)
 .debug_line    0x00009e79       0x93 c:/freescale/s32_power_v1.1/cross_tools/powerpc-eabivle-4_9/bin/../lib/gcc/powerpc-eabivle/4.9.2/fp/e200z4\libgcc.a(_unpack_sf.o)
 .debug_line    0x00009f0c       0xdc c:/freescale/s32_power_v1.1/cross_tools/powerpc-eabivle-4_9/bin/../lib/gcc/powerpc-eabivle/4.9.2/fp/e200z4\libgcc.a(_pack_df.o)
 .debug_line    0x00009fe8       0x94 c:/freescale/s32_power_v1.1/cross_tools/powerpc-eabivle-4_9/bin/../lib/gcc/powerpc-eabivle/4.9.2/fp/e200z4\libgcc.a(_unpack_df.o)
 .debug_line    0x0000a07c       0xa8 c:/freescale/s32_power_v1.1/cross_tools/powerpc-eabivle-4_9/bin/../lib/gcc/powerpc-eabivle/4.9.2/fp/e200z4\libgcc.a(_fpcmp_parts_df.o)
 .debug_line    0x0000a124       0x94 C:/Freescale/S32_Power_v1.1/S32DS/e200_ewl2/lib/fp/e200z4\libc.a(memcpy.o)

.debug_info     0x00000000    0x281cc
 .debug_info    0x00000000       0x86 ./Project_Settings/Startup_Code/startup.o
 .debug_info    0x00000086     0x30b0 ./src/drivers/ADC/ADC.o
 .debug_info    0x00003136     0x18e3 ./src/drivers/CTU/CTU.o
 .debug_info    0x00004a19      0xdf6 ./src/drivers/DSPI/DSPI.o
 .debug_info    0x0000580f     0x1cb6 ./src/drivers/FCCU/FCCU.o
 .debug_info    0x000074c5     0x12f0 ./src/drivers/FlexCAN/CAN.o
 .debug_info    0x000087b5     0x1226 ./src/drivers/FlexPWM/flexpwm.o
 .debug_info    0x000099db      0x39a ./src/drivers/FreeMASTER/freemaster_serial.o
 .debug_info    0x00009d75      0x19b ./src/drivers/FreeMASTER/freemaster_scope.o
 .debug_info    0x00009f10      0x6ae ./src/drivers/FreeMASTER/freemaster_rec.o
 .debug_info    0x0000a5be      0x41d ./src/drivers/FreeMASTER/freemaster_protocol.o
 .debug_info    0x0000a9db      0x434 ./src/drivers/FreeMASTER/freemaster_appcmd.o
 .debug_info    0x0000ae0f      0x296 ./src/drivers/FreeMASTER/freemaster_MPC56xx.o
 .debug_info    0x0000b0a5      0x5db ./src/drivers/INTC/INTC.o
 .debug_info    0x0000b680     0x1b34 ./src/drivers/LINFlex/LINFLEX.o
 .debug_info    0x0000d1b4      0x5e7 ./src/drivers/LLD_INIT/MPC5744P_LLD.o
 .debug_info    0x0000d79b     0x4dcd ./src/drivers/ME/ME.o
 .debug_info    0x00012568      0x333 ./src/drivers/PIT/PIT_IRQ.o
 .debug_info    0x0001289b      0x7af ./src/drivers/PIT/PIT.o
 .debug_info    0x0001304a     0x176a ./src/drivers/SIUL/SIUL.o
 .debug_info    0x000147b4      0x223 ./src/drivers/SWG/SWG.o
 .debug_info    0x000149d7     0x1003 ./src/drivers/UART/uart_irq.o
 .debug_info    0x000159da      0xfd4 ./src/drivers/UART/uart_init.o
 .debug_info    0x000169ae      0x2bb ./src/drivers/UART/uart_console_io.o
 .debug_info    0x00016c69     0x1327 ./src/drivers/UART/uart.o
 .debug_info    0x00017f90      0xcff ./src/drivers/eTimer/eTimer.o
 .debug_info    0x00018c8f       0x75 ./src/intc_sw_handlers.o
 .debug_info    0x00018d04       0xb4 ./src/intc_SW_mode_isr_vectors_MPC5744P.o
 .debug_info    0x00018db8       0x93 ./src/flashrchw.o
 .debug_info    0x00018e4b       0x68 ./src/Vector.o
 .debug_info    0x00018eb3      0x5eb ./src/MPC57xx__Interrupt_Init.o
 .debug_info    0x0001949e      0x6a2 ./src/ADC-demo.o
 .debug_info    0x00019b40      0xbc5 C:/Freescale/S32_Power_v1.1/S32DS/e200_ewl2/lib/fp/e200z4\libc.a(printformat_fp.o)
 .debug_info    0x0001a705       0xeb C:/Freescale/S32_Power_v1.1/S32DS/e200_ewl2/lib/fp/e200z4\libc.a(isupper.o)
 .debug_info    0x0001a7f0      0x289 C:/Freescale/S32_Power_v1.1/S32DS/e200_ewl2/lib/fp/e200z4\libc.a(locale.o)
 .debug_info    0x0001aa79      0x125 C:/Freescale/S32_Power_v1.1/S32DS/e200_ewl2/lib/fp/e200z4\libc.a(memchr.o)
 .debug_info    0x0001ab9e      0x12c C:/Freescale/S32_Power_v1.1/S32DS/e200_ewl2/lib/fp/e200z4\libc.a(strchr.o)
 .debug_info    0x0001acca      0x11a C:/Freescale/S32_Power_v1.1/S32DS/e200_ewl2/lib/fp/e200z4\libc.a(strcmp.o)
 .debug_info    0x0001ade4      0x115 C:/Freescale/S32_Power_v1.1/S32DS/e200_ewl2/lib/fp/e200z4\libc.a(strcpy.o)
 .debug_info    0x0001aef9       0xf0 C:/Freescale/S32_Power_v1.1/S32DS/e200_ewl2/lib/fp/e200z4\libc.a(strlen.o)
 .debug_info    0x0001afe9       0xb8 C:/Freescale/S32_Power_v1.1/S32DS/e200_ewl2/lib/fp/e200z4\libc.a(ctype.o)
 .debug_info    0x0001b0a1     0x13ed C:/Freescale/S32_Power_v1.1/S32DS/e200_ewl2/lib/fp/e200z4\libm.a(ansi_fp.o)
 .debug_info    0x0001c48e      0x54b C:/Freescale/S32_Power_v1.1/S32DS/e200_ewl2/lib/fp/e200z4\libm.a(float.o)
 .debug_info    0x0001c9d9      0x6dd C:/Freescale/S32_Power_v1.1/S32DS/e200_ewl2/lib/fp/e200z4\libm.a(math_api.o)
 .debug_info    0x0001d0b6      0x4ca C:/Freescale/S32_Power_v1.1/S32DS/e200_ewl2/lib/fp/e200z4\libm.a(round.o)
 .debug_info    0x0001d580      0x508 C:/Freescale/S32_Power_v1.1/S32DS/e200_ewl2/lib/fp/e200z4\libm.a(s_floor.o)
 .debug_info    0x0001da88      0x502 C:/Freescale/S32_Power_v1.1/S32DS/e200_ewl2/lib/fp/e200z4\libm.a(s_frexp.o)
 .debug_info    0x0001df8a      0x570 C:/Freescale/S32_Power_v1.1/S32DS/e200_ewl2/lib/fp/e200z4\libm.a(s_ldexp.o)
 .debug_info    0x0001e4fa      0x520 C:/Freescale/S32_Power_v1.1/S32DS/e200_ewl2/lib/fp/e200z4\libm.a(s_modf.o)
 .debug_info    0x0001ea1a      0x479 C:/Freescale/S32_Power_v1.1/S32DS/e200_ewl2/lib/fp/e200z4\libm.a(w_pow.o)
 .debug_info    0x0001ee93      0x989 C:/Freescale/S32_Power_v1.1/S32DS/e200_ewl2/lib/fp/e200z4\libm.a(e_pow.o)
 .debug_info    0x0001f81c      0x4d1 C:/Freescale/S32_Power_v1.1/S32DS/e200_ewl2/lib/fp/e200z4\libm.a(scalbn.o)
 .debug_info    0x0001fced      0x458 C:/Freescale/S32_Power_v1.1/S32DS/e200_ewl2/lib/fp/e200z4\libm.a(w_sqrt.o)
 .debug_info    0x00020145      0x5b8 C:/Freescale/S32_Power_v1.1/S32DS/e200_ewl2/lib/fp/e200z4\libm.a(e_sqrt.o)
 .debug_info    0x000206fd      0x199 c:/freescale/s32_power_v1.1/cross_tools/powerpc-eabivle-4_9/bin/../lib/gcc/powerpc-eabivle/4.9.2/fp/e200z4\libgcc.a(_lshrdi3.o)
 .debug_info    0x00020896      0x197 c:/freescale/s32_power_v1.1/cross_tools/powerpc-eabivle-4_9/bin/../lib/gcc/powerpc-eabivle/4.9.2/fp/e200z4\libgcc.a(_ashldi3.o)
 .debug_info    0x00020a2d       0xdc c:/freescale/s32_power_v1.1/cross_tools/powerpc-eabivle-4_9/bin/../lib/gcc/powerpc-eabivle/4.9.2/fp/e200z4\libgcc.a(_fixunsdfsi.o)
 .debug_info    0x00020b09      0x103 c:/freescale/s32_power_v1.1/cross_tools/powerpc-eabivle-4_9/bin/../lib/gcc/powerpc-eabivle/4.9.2/fp/e200z4\libgcc.a(_fixunsdfdi.o)
 .debug_info    0x00020c0c      0x59c c:/freescale/s32_power_v1.1/cross_tools/powerpc-eabivle-4_9/bin/../lib/gcc/powerpc-eabivle/4.9.2/fp/e200z4\libgcc.a(_udivdi3.o)
 .debug_info    0x000211a8      0x594 c:/freescale/s32_power_v1.1/cross_tools/powerpc-eabivle-4_9/bin/../lib/gcc/powerpc-eabivle/4.9.2/fp/e200z4\libgcc.a(_umoddi3.o)
 .debug_info    0x0002173c      0x264 c:/freescale/s32_power_v1.1/cross_tools/powerpc-eabivle-4_9/bin/../lib/gcc/powerpc-eabivle/4.9.2/fp/e200z4\libgcc.a(_sf_to_df.o)
 .debug_info    0x000219a0      0x4f5 c:/freescale/s32_power_v1.1/cross_tools/powerpc-eabivle-4_9/bin/../lib/gcc/powerpc-eabivle/4.9.2/fp/e200z4\libgcc.a(_addsub_df.o)
 .debug_info    0x00021e95      0x496 c:/freescale/s32_power_v1.1/cross_tools/powerpc-eabivle-4_9/bin/../lib/gcc/powerpc-eabivle/4.9.2/fp/e200z4\libgcc.a(_mul_df.o)
 .debug_info    0x0002232b      0x3a3 c:/freescale/s32_power_v1.1/cross_tools/powerpc-eabivle-4_9/bin/../lib/gcc/powerpc-eabivle/4.9.2/fp/e200z4\libgcc.a(_div_df.o)
 .debug_info    0x000226ce      0x2cc c:/freescale/s32_power_v1.1/cross_tools/powerpc-eabivle-4_9/bin/../lib/gcc/powerpc-eabivle/4.9.2/fp/e200z4\libgcc.a(_eq_df.o)
 .debug_info    0x0002299a      0x2cc c:/freescale/s32_power_v1.1/cross_tools/powerpc-eabivle-4_9/bin/../lib/gcc/powerpc-eabivle/4.9.2/fp/e200z4\libgcc.a(_gt_df.o)
 .debug_info    0x00022c66      0x2cc c:/freescale/s32_power_v1.1/cross_tools/powerpc-eabivle-4_9/bin/../lib/gcc/powerpc-eabivle/4.9.2/fp/e200z4\libgcc.a(_ge_df.o)
 .debug_info    0x00022f32      0x2cc c:/freescale/s32_power_v1.1/cross_tools/powerpc-eabivle-4_9/bin/../lib/gcc/powerpc-eabivle/4.9.2/fp/e200z4\libgcc.a(_lt_df.o)
 .debug_info    0x000231fe      0x2cc c:/freescale/s32_power_v1.1/cross_tools/powerpc-eabivle-4_9/bin/../lib/gcc/powerpc-eabivle/4.9.2/fp/e200z4\libgcc.a(_le_df.o)
 .debug_info    0x000234ca      0x258 c:/freescale/s32_power_v1.1/cross_tools/powerpc-eabivle-4_9/bin/../lib/gcc/powerpc-eabivle/4.9.2/fp/e200z4\libgcc.a(_si_to_df.o)
 .debug_info    0x00023722      0x29a c:/freescale/s32_power_v1.1/cross_tools/powerpc-eabivle-4_9/bin/../lib/gcc/powerpc-eabivle/4.9.2/fp/e200z4\libgcc.a(_df_to_si.o)
 .debug_info    0x000239bc      0x206 c:/freescale/s32_power_v1.1/cross_tools/powerpc-eabivle-4_9/bin/../lib/gcc/powerpc-eabivle/4.9.2/fp/e200z4\libgcc.a(_make_df.o)
 .debug_info    0x00023bc2     0x383c c:/freescale/s32_power_v1.1/cross_tools/powerpc-eabivle-4_9/bin/../lib/gcc/powerpc-eabivle/4.9.2/fp/e200z4\libgcc.a(_thenan_df.o)
 .debug_info    0x000273fe      0x24d c:/freescale/s32_power_v1.1/cross_tools/powerpc-eabivle-4_9/bin/../lib/gcc/powerpc-eabivle/4.9.2/fp/e200z4\libgcc.a(_usi_to_df.o)
 .debug_info    0x0002764b       0xd8 c:/freescale/s32_power_v1.1/cross_tools/powerpc-eabivle-4_9/bin/../lib/gcc/powerpc-eabivle/4.9.2/fp/e200z4\libgcc.a(e200crtsavgpr.o)
 .debug_info    0x00027723       0xd9 c:/freescale/s32_power_v1.1/cross_tools/powerpc-eabivle-4_9/bin/../lib/gcc/powerpc-eabivle/4.9.2/fp/e200z4\libgcc.a(e200crtresxgpr.o)
 .debug_info    0x000277fc      0x20d c:/freescale/s32_power_v1.1/cross_tools/powerpc-eabivle-4_9/bin/../lib/gcc/powerpc-eabivle/4.9.2/fp/e200z4\libgcc.a(_unpack_sf.o)
 .debug_info    0x00027a09      0x291 c:/freescale/s32_power_v1.1/cross_tools/powerpc-eabivle-4_9/bin/../lib/gcc/powerpc-eabivle/4.9.2/fp/e200z4\libgcc.a(_pack_df.o)
 .debug_info    0x00027c9a      0x217 c:/freescale/s32_power_v1.1/cross_tools/powerpc-eabivle-4_9/bin/../lib/gcc/powerpc-eabivle/4.9.2/fp/e200z4\libgcc.a(_unpack_df.o)
 .debug_info    0x00027eb1      0x1ed c:/freescale/s32_power_v1.1/cross_tools/powerpc-eabivle-4_9/bin/../lib/gcc/powerpc-eabivle/4.9.2/fp/e200z4\libgcc.a(_fpcmp_parts_df.o)
 .debug_info    0x0002809e      0x12e C:/Freescale/S32_Power_v1.1/S32DS/e200_ewl2/lib/fp/e200z4\libc.a(memcpy.o)

.debug_abbrev   0x00000000     0x62f4
 .debug_abbrev  0x00000000       0x14 ./Project_Settings/Startup_Code/startup.o
 .debug_abbrev  0x00000014      0x1f0 ./src/drivers/ADC/ADC.o
 .debug_abbrev  0x00000204      0x182 ./src/drivers/CTU/CTU.o
 .debug_abbrev  0x00000386      0x1d2 ./src/drivers/DSPI/DSPI.o
 .debug_abbrev  0x00000558      0x116 ./src/drivers/FCCU/FCCU.o
 .debug_abbrev  0x0000066e      0x1c9 ./src/drivers/FlexCAN/CAN.o
 .debug_abbrev  0x00000837      0x1ba ./src/drivers/FlexPWM/flexpwm.o
 .debug_abbrev  0x000009f1      0x1d5 ./src/drivers/FreeMASTER/freemaster_serial.o
 .debug_abbrev  0x00000bc6       0xc7 ./src/drivers/FreeMASTER/freemaster_scope.o
 .debug_abbrev  0x00000c8d      0x217 ./src/drivers/FreeMASTER/freemaster_rec.o
 .debug_abbrev  0x00000ea4       0xf2 ./src/drivers/FreeMASTER/freemaster_protocol.o
 .debug_abbrev  0x00000f96      0x16a ./src/drivers/FreeMASTER/freemaster_appcmd.o
 .debug_abbrev  0x00001100       0xcb ./src/drivers/FreeMASTER/freemaster_MPC56xx.o
 .debug_abbrev  0x000011cb      0x15f ./src/drivers/INTC/INTC.o
 .debug_abbrev  0x0000132a      0x1ff ./src/drivers/LINFlex/LINFLEX.o
 .debug_abbrev  0x00001529       0xf8 ./src/drivers/LLD_INIT/MPC5744P_LLD.o
 .debug_abbrev  0x00001621      0x12e ./src/drivers/ME/ME.o
 .debug_abbrev  0x0000174f      0x105 ./src/drivers/PIT/PIT_IRQ.o
 .debug_abbrev  0x00001854      0x1d6 ./src/drivers/PIT/PIT.o
 .debug_abbrev  0x00001a2a      0x18f ./src/drivers/SIUL/SIUL.o
 .debug_abbrev  0x00001bb9       0xf1 ./src/drivers/SWG/SWG.o
 .debug_abbrev  0x00001caa      0x159 ./src/drivers/UART/uart_irq.o
 .debug_abbrev  0x00001e03      0x140 ./src/drivers/UART/uart_init.o
 .debug_abbrev  0x00001f43       0xcd ./src/drivers/UART/uart_console_io.o
 .debug_abbrev  0x00002010      0x1ae ./src/drivers/UART/uart.o
 .debug_abbrev  0x000021be      0x182 ./src/drivers/eTimer/eTimer.o
 .debug_abbrev  0x00002340       0x14 ./src/intc_sw_handlers.o
 .debug_abbrev  0x00002354       0x7c ./src/intc_SW_mode_isr_vectors_MPC5744P.o
 .debug_abbrev  0x000023d0       0x4e ./src/flashrchw.o
 .debug_abbrev  0x0000241e       0x29 ./src/Vector.o
 .debug_abbrev  0x00002447      0x17d ./src/MPC57xx__Interrupt_Init.o
 .debug_abbrev  0x000025c4      0x14c ./src/ADC-demo.o
 .debug_abbrev  0x00002710      0x310 C:/Freescale/S32_Power_v1.1/S32DS/e200_ewl2/lib/fp/e200z4\libc.a(printformat_fp.o)
 .debug_abbrev  0x00002a20       0x95 C:/Freescale/S32_Power_v1.1/S32DS/e200_ewl2/lib/fp/e200z4\libc.a(isupper.o)
 .debug_abbrev  0x00002ab5      0x10d C:/Freescale/S32_Power_v1.1/S32DS/e200_ewl2/lib/fp/e200z4\libc.a(locale.o)
 .debug_abbrev  0x00002bc2       0x9c C:/Freescale/S32_Power_v1.1/S32DS/e200_ewl2/lib/fp/e200z4\libc.a(memchr.o)
 .debug_abbrev  0x00002c5e       0x90 C:/Freescale/S32_Power_v1.1/S32DS/e200_ewl2/lib/fp/e200z4\libc.a(strchr.o)
 .debug_abbrev  0x00002cee       0x81 C:/Freescale/S32_Power_v1.1/S32DS/e200_ewl2/lib/fp/e200z4\libc.a(strcmp.o)
 .debug_abbrev  0x00002d6f       0x81 C:/Freescale/S32_Power_v1.1/S32DS/e200_ewl2/lib/fp/e200z4\libc.a(strcpy.o)
 .debug_abbrev  0x00002df0       0x81 C:/Freescale/S32_Power_v1.1/S32DS/e200_ewl2/lib/fp/e200z4\libc.a(strlen.o)
 .debug_abbrev  0x00002e71       0x5d C:/Freescale/S32_Power_v1.1/S32DS/e200_ewl2/lib/fp/e200z4\libc.a(ctype.o)
 .debug_abbrev  0x00002ece      0x3d3 C:/Freescale/S32_Power_v1.1/S32DS/e200_ewl2/lib/fp/e200z4\libm.a(ansi_fp.o)
 .debug_abbrev  0x000032a1       0xf8 C:/Freescale/S32_Power_v1.1/S32DS/e200_ewl2/lib/fp/e200z4\libm.a(float.o)
 .debug_abbrev  0x00003399      0x140 C:/Freescale/S32_Power_v1.1/S32DS/e200_ewl2/lib/fp/e200z4\libm.a(math_api.o)
 .debug_abbrev  0x000034d9      0x141 C:/Freescale/S32_Power_v1.1/S32DS/e200_ewl2/lib/fp/e200z4\libm.a(round.o)
 .debug_abbrev  0x0000361a      0x164 C:/Freescale/S32_Power_v1.1/S32DS/e200_ewl2/lib/fp/e200z4\libm.a(s_floor.o)
 .debug_abbrev  0x0000377e      0x164 C:/Freescale/S32_Power_v1.1/S32DS/e200_ewl2/lib/fp/e200z4\libm.a(s_frexp.o)
 .debug_abbrev  0x000038e2      0x16f C:/Freescale/S32_Power_v1.1/S32DS/e200_ewl2/lib/fp/e200z4\libm.a(s_ldexp.o)
 .debug_abbrev  0x00003a51      0x173 C:/Freescale/S32_Power_v1.1/S32DS/e200_ewl2/lib/fp/e200z4\libm.a(s_modf.o)
 .debug_abbrev  0x00003bc4       0xf1 C:/Freescale/S32_Power_v1.1/S32DS/e200_ewl2/lib/fp/e200z4\libm.a(w_pow.o)
 .debug_abbrev  0x00003cb5      0x20b C:/Freescale/S32_Power_v1.1/S32DS/e200_ewl2/lib/fp/e200z4\libm.a(e_pow.o)
 .debug_abbrev  0x00003ec0      0x147 C:/Freescale/S32_Power_v1.1/S32DS/e200_ewl2/lib/fp/e200z4\libm.a(scalbn.o)
 .debug_abbrev  0x00004007       0xf1 C:/Freescale/S32_Power_v1.1/S32DS/e200_ewl2/lib/fp/e200z4\libm.a(w_sqrt.o)
 .debug_abbrev  0x000040f8      0x185 C:/Freescale/S32_Power_v1.1/S32DS/e200_ewl2/lib/fp/e200z4\libm.a(e_sqrt.o)
 .debug_abbrev  0x0000427d       0xf1 c:/freescale/s32_power_v1.1/cross_tools/powerpc-eabivle-4_9/bin/../lib/gcc/powerpc-eabivle/4.9.2/fp/e200z4\libgcc.a(_lshrdi3.o)
 .debug_abbrev  0x0000436e      0x100 c:/freescale/s32_power_v1.1/cross_tools/powerpc-eabivle-4_9/bin/../lib/gcc/powerpc-eabivle/4.9.2/fp/e200z4\libgcc.a(_ashldi3.o)
 .debug_abbrev  0x0000446e       0x60 c:/freescale/s32_power_v1.1/cross_tools/powerpc-eabivle-4_9/bin/../lib/gcc/powerpc-eabivle/4.9.2/fp/e200z4\libgcc.a(_fixunsdfsi.o)
 .debug_abbrev  0x000044ce       0x78 c:/freescale/s32_power_v1.1/cross_tools/powerpc-eabivle-4_9/bin/../lib/gcc/powerpc-eabivle/4.9.2/fp/e200z4\libgcc.a(_fixunsdfdi.o)
 .debug_abbrev  0x00004546      0x15f c:/freescale/s32_power_v1.1/cross_tools/powerpc-eabivle-4_9/bin/../lib/gcc/powerpc-eabivle/4.9.2/fp/e200z4\libgcc.a(_udivdi3.o)
 .debug_abbrev  0x000046a5      0x16e c:/freescale/s32_power_v1.1/cross_tools/powerpc-eabivle-4_9/bin/../lib/gcc/powerpc-eabivle/4.9.2/fp/e200z4\libgcc.a(_umoddi3.o)
 .debug_abbrev  0x00004813      0x15b c:/freescale/s32_power_v1.1/cross_tools/powerpc-eabivle-4_9/bin/../lib/gcc/powerpc-eabivle/4.9.2/fp/e200z4\libgcc.a(_sf_to_df.o)
 .debug_abbrev  0x0000496e      0x1e9 c:/freescale/s32_power_v1.1/cross_tools/powerpc-eabivle-4_9/bin/../lib/gcc/powerpc-eabivle/4.9.2/fp/e200z4\libgcc.a(_addsub_df.o)
 .debug_abbrev  0x00004b57      0x207 c:/freescale/s32_power_v1.1/cross_tools/powerpc-eabivle-4_9/bin/../lib/gcc/powerpc-eabivle/4.9.2/fp/e200z4\libgcc.a(_mul_df.o)
 .debug_abbrev  0x00004d5e      0x1f0 c:/freescale/s32_power_v1.1/cross_tools/powerpc-eabivle-4_9/bin/../lib/gcc/powerpc-eabivle/4.9.2/fp/e200z4\libgcc.a(_div_df.o)
 .debug_abbrev  0x00004f4e      0x17b c:/freescale/s32_power_v1.1/cross_tools/powerpc-eabivle-4_9/bin/../lib/gcc/powerpc-eabivle/4.9.2/fp/e200z4\libgcc.a(_eq_df.o)
 .debug_abbrev  0x000050c9      0x17b c:/freescale/s32_power_v1.1/cross_tools/powerpc-eabivle-4_9/bin/../lib/gcc/powerpc-eabivle/4.9.2/fp/e200z4\libgcc.a(_gt_df.o)
 .debug_abbrev  0x00005244      0x17b c:/freescale/s32_power_v1.1/cross_tools/powerpc-eabivle-4_9/bin/../lib/gcc/powerpc-eabivle/4.9.2/fp/e200z4\libgcc.a(_ge_df.o)
 .debug_abbrev  0x000053bf      0x17b c:/freescale/s32_power_v1.1/cross_tools/powerpc-eabivle-4_9/bin/../lib/gcc/powerpc-eabivle/4.9.2/fp/e200z4\libgcc.a(_lt_df.o)
 .debug_abbrev  0x0000553a      0x17b c:/freescale/s32_power_v1.1/cross_tools/powerpc-eabivle-4_9/bin/../lib/gcc/powerpc-eabivle/4.9.2/fp/e200z4\libgcc.a(_le_df.o)
 .debug_abbrev  0x000056b5      0x19e c:/freescale/s32_power_v1.1/cross_tools/powerpc-eabivle-4_9/bin/../lib/gcc/powerpc-eabivle/4.9.2/fp/e200z4\libgcc.a(_si_to_df.o)
 .debug_abbrev  0x00005853      0x16a c:/freescale/s32_power_v1.1/cross_tools/powerpc-eabivle-4_9/bin/../lib/gcc/powerpc-eabivle/4.9.2/fp/e200z4\libgcc.a(_df_to_si.o)
 .debug_abbrev  0x000059bd      0x13f c:/freescale/s32_power_v1.1/cross_tools/powerpc-eabivle-4_9/bin/../lib/gcc/powerpc-eabivle/4.9.2/fp/e200z4\libgcc.a(_make_df.o)
 .debug_abbrev  0x00005afc       0xc5 c:/freescale/s32_power_v1.1/cross_tools/powerpc-eabivle-4_9/bin/../lib/gcc/powerpc-eabivle/4.9.2/fp/e200z4\libgcc.a(_thenan_df.o)
 .debug_abbrev  0x00005bc1      0x1a9 c:/freescale/s32_power_v1.1/cross_tools/powerpc-eabivle-4_9/bin/../lib/gcc/powerpc-eabivle/4.9.2/fp/e200z4\libgcc.a(_usi_to_df.o)
 .debug_abbrev  0x00005d6a       0x14 c:/freescale/s32_power_v1.1/cross_tools/powerpc-eabivle-4_9/bin/../lib/gcc/powerpc-eabivle/4.9.2/fp/e200z4\libgcc.a(e200crtsavgpr.o)
 .debug_abbrev  0x00005d7e       0x14 c:/freescale/s32_power_v1.1/cross_tools/powerpc-eabivle-4_9/bin/../lib/gcc/powerpc-eabivle/4.9.2/fp/e200z4\libgcc.a(e200crtresxgpr.o)
 .debug_abbrev  0x00005d92      0x126 c:/freescale/s32_power_v1.1/cross_tools/powerpc-eabivle-4_9/bin/../lib/gcc/powerpc-eabivle/4.9.2/fp/e200z4\libgcc.a(_unpack_sf.o)
 .debug_abbrev  0x00005eb8      0x165 c:/freescale/s32_power_v1.1/cross_tools/powerpc-eabivle-4_9/bin/../lib/gcc/powerpc-eabivle/4.9.2/fp/e200z4\libgcc.a(_pack_df.o)
 .debug_abbrev  0x0000601d      0x124 c:/freescale/s32_power_v1.1/cross_tools/powerpc-eabivle-4_9/bin/../lib/gcc/powerpc-eabivle/4.9.2/fp/e200z4\libgcc.a(_unpack_df.o)
 .debug_abbrev  0x00006141      0x10e c:/freescale/s32_power_v1.1/cross_tools/powerpc-eabivle-4_9/bin/../lib/gcc/powerpc-eabivle/4.9.2/fp/e200z4\libgcc.a(_fpcmp_parts_df.o)
 .debug_abbrev  0x0000624f       0xa5 C:/Freescale/S32_Power_v1.1/S32DS/e200_ewl2/lib/fp/e200z4\libc.a(memcpy.o)

.debug_aranges  0x00000000     0x1660
 .debug_aranges
                0x00000000       0x20 ./Project_Settings/Startup_Code/startup.o
 .debug_aranges
                0x00000020      0x140 ./src/drivers/ADC/ADC.o
 .debug_aranges
                0x00000160       0x40 ./src/drivers/CTU/CTU.o
 .debug_aranges
                0x000001a0       0xa0 ./src/drivers/DSPI/DSPI.o
 .debug_aranges
                0x00000240       0x20 ./src/drivers/FCCU/FCCU.o
 .debug_aranges
                0x00000260       0x40 ./src/drivers/FlexCAN/CAN.o
 .debug_aranges
                0x000002a0       0x48 ./src/drivers/FlexPWM/flexpwm.o
 .debug_aranges
                0x000002e8       0x58 ./src/drivers/FreeMASTER/freemaster_serial.o
 .debug_aranges
                0x00000340       0x30 ./src/drivers/FreeMASTER/freemaster_scope.o
 .debug_aranges
                0x00000370       0xb8 ./src/drivers/FreeMASTER/freemaster_rec.o
 .debug_aranges
                0x00000428       0x68 ./src/drivers/FreeMASTER/freemaster_protocol.o
 .debug_aranges
                0x00000490       0x68 ./src/drivers/FreeMASTER/freemaster_appcmd.o
 .debug_aranges
                0x000004f8       0x48 ./src/drivers/FreeMASTER/freemaster_MPC56xx.o
 .debug_aranges
                0x00000540       0x28 ./src/drivers/INTC/INTC.o
 .debug_aranges
                0x00000568      0x108 ./src/drivers/LINFlex/LINFLEX.o
 .debug_aranges
                0x00000670       0x20 ./src/drivers/LLD_INIT/MPC5744P_LLD.o
 .debug_aranges
                0x00000690       0x20 ./src/drivers/ME/ME.o
 .debug_aranges
                0x000006b0       0x28 ./src/drivers/PIT/PIT_IRQ.o
 .debug_aranges
                0x000006d8       0x70 ./src/drivers/PIT/PIT.o
 .debug_aranges
                0x00000748       0x88 ./src/drivers/SIUL/SIUL.o
 .debug_aranges
                0x000007d0       0x38 ./src/drivers/SWG/SWG.o
 .debug_aranges
                0x00000808       0x28 ./src/drivers/UART/uart_irq.o
 .debug_aranges
                0x00000830       0x30 ./src/drivers/UART/uart_init.o
 .debug_aranges
                0x00000860       0x38 ./src/drivers/UART/uart_console_io.o
 .debug_aranges
                0x00000898       0x60 ./src/drivers/UART/uart.o
 .debug_aranges
                0x000008f8       0x38 ./src/drivers/eTimer/eTimer.o
 .debug_aranges
                0x00000930       0x20 ./src/intc_sw_handlers.o
 .debug_aranges
                0x00000950       0x20 ./src/intc_SW_mode_isr_vectors_MPC5744P.o
 .debug_aranges
                0x00000970       0x18 ./src/flashrchw.o
 .debug_aranges
                0x00000988       0x18 ./src/Vector.o
 .debug_aranges
                0x000009a0       0x38 ./src/MPC57xx__Interrupt_Init.o
 .debug_aranges
                0x000009d8       0x30 ./src/ADC-demo.o
 .debug_aranges
                0x00000a08       0x30 C:/Freescale/S32_Power_v1.1/S32DS/e200_ewl2/lib/fp/e200z4\libc.a(printformat_fp.o)
 .debug_aranges
                0x00000a38       0x20 C:/Freescale/S32_Power_v1.1/S32DS/e200_ewl2/lib/fp/e200z4\libc.a(isupper.o)
 .debug_aranges
                0x00000a58       0x28 C:/Freescale/S32_Power_v1.1/S32DS/e200_ewl2/lib/fp/e200z4\libc.a(locale.o)
 .debug_aranges
                0x00000a80       0x20 C:/Freescale/S32_Power_v1.1/S32DS/e200_ewl2/lib/fp/e200z4\libc.a(memchr.o)
 .debug_aranges
                0x00000aa0       0x20 C:/Freescale/S32_Power_v1.1/S32DS/e200_ewl2/lib/fp/e200z4\libc.a(strchr.o)
 .debug_aranges
                0x00000ac0       0x20 C:/Freescale/S32_Power_v1.1/S32DS/e200_ewl2/lib/fp/e200z4\libc.a(strcmp.o)
 .debug_aranges
                0x00000ae0       0x20 C:/Freescale/S32_Power_v1.1/S32DS/e200_ewl2/lib/fp/e200z4\libc.a(strcpy.o)
 .debug_aranges
                0x00000b00       0x20 C:/Freescale/S32_Power_v1.1/S32DS/e200_ewl2/lib/fp/e200z4\libc.a(strlen.o)
 .debug_aranges
                0x00000b20       0x18 C:/Freescale/S32_Power_v1.1/S32DS/e200_ewl2/lib/fp/e200z4\libc.a(ctype.o)
 .debug_aranges
                0x00000b38       0xd8 C:/Freescale/S32_Power_v1.1/S32DS/e200_ewl2/lib/fp/e200z4\libm.a(ansi_fp.o)
 .debug_aranges
                0x00000c10       0x88 C:/Freescale/S32_Power_v1.1/S32DS/e200_ewl2/lib/fp/e200z4\libm.a(float.o)
 .debug_aranges
                0x00000c98       0xd0 C:/Freescale/S32_Power_v1.1/S32DS/e200_ewl2/lib/fp/e200z4\libm.a(math_api.o)
 .debug_aranges
                0x00000d68       0x90 C:/Freescale/S32_Power_v1.1/S32DS/e200_ewl2/lib/fp/e200z4\libm.a(round.o)
 .debug_aranges
                0x00000df8       0x90 C:/Freescale/S32_Power_v1.1/S32DS/e200_ewl2/lib/fp/e200z4\libm.a(s_floor.o)
 .debug_aranges
                0x00000e88       0x90 C:/Freescale/S32_Power_v1.1/S32DS/e200_ewl2/lib/fp/e200z4\libm.a(s_frexp.o)
 .debug_aranges
                0x00000f18       0x90 C:/Freescale/S32_Power_v1.1/S32DS/e200_ewl2/lib/fp/e200z4\libm.a(s_ldexp.o)
 .debug_aranges
                0x00000fa8       0x90 C:/Freescale/S32_Power_v1.1/S32DS/e200_ewl2/lib/fp/e200z4\libm.a(s_modf.o)
 .debug_aranges
                0x00001038       0x90 C:/Freescale/S32_Power_v1.1/S32DS/e200_ewl2/lib/fp/e200z4\libm.a(w_pow.o)
 .debug_aranges
                0x000010c8       0x90 C:/Freescale/S32_Power_v1.1/S32DS/e200_ewl2/lib/fp/e200z4\libm.a(e_pow.o)
 .debug_aranges
                0x00001158       0x90 C:/Freescale/S32_Power_v1.1/S32DS/e200_ewl2/lib/fp/e200z4\libm.a(scalbn.o)
 .debug_aranges
                0x000011e8       0x90 C:/Freescale/S32_Power_v1.1/S32DS/e200_ewl2/lib/fp/e200z4\libm.a(w_sqrt.o)
 .debug_aranges
                0x00001278       0x90 C:/Freescale/S32_Power_v1.1/S32DS/e200_ewl2/lib/fp/e200z4\libm.a(e_sqrt.o)
 .debug_aranges
                0x00001308       0x20 c:/freescale/s32_power_v1.1/cross_tools/powerpc-eabivle-4_9/bin/../lib/gcc/powerpc-eabivle/4.9.2/fp/e200z4\libgcc.a(_lshrdi3.o)
 .debug_aranges
                0x00001328       0x20 c:/freescale/s32_power_v1.1/cross_tools/powerpc-eabivle-4_9/bin/../lib/gcc/powerpc-eabivle/4.9.2/fp/e200z4\libgcc.a(_ashldi3.o)
 .debug_aranges
                0x00001348       0x20 c:/freescale/s32_power_v1.1/cross_tools/powerpc-eabivle-4_9/bin/../lib/gcc/powerpc-eabivle/4.9.2/fp/e200z4\libgcc.a(_fixunsdfsi.o)
 .debug_aranges
                0x00001368       0x20 c:/freescale/s32_power_v1.1/cross_tools/powerpc-eabivle-4_9/bin/../lib/gcc/powerpc-eabivle/4.9.2/fp/e200z4\libgcc.a(_fixunsdfdi.o)
 .debug_aranges
                0x00001388       0x20 c:/freescale/s32_power_v1.1/cross_tools/powerpc-eabivle-4_9/bin/../lib/gcc/powerpc-eabivle/4.9.2/fp/e200z4\libgcc.a(_udivdi3.o)
 .debug_aranges
                0x000013a8       0x20 c:/freescale/s32_power_v1.1/cross_tools/powerpc-eabivle-4_9/bin/../lib/gcc/powerpc-eabivle/4.9.2/fp/e200z4\libgcc.a(_umoddi3.o)
 .debug_aranges
                0x000013c8       0x20 c:/freescale/s32_power_v1.1/cross_tools/powerpc-eabivle-4_9/bin/../lib/gcc/powerpc-eabivle/4.9.2/fp/e200z4\libgcc.a(_sf_to_df.o)
 .debug_aranges
                0x000013e8       0x20 c:/freescale/s32_power_v1.1/cross_tools/powerpc-eabivle-4_9/bin/../lib/gcc/powerpc-eabivle/4.9.2/fp/e200z4\libgcc.a(_addsub_df.o)
 .debug_aranges
                0x00001408       0x20 c:/freescale/s32_power_v1.1/cross_tools/powerpc-eabivle-4_9/bin/../lib/gcc/powerpc-eabivle/4.9.2/fp/e200z4\libgcc.a(_mul_df.o)
 .debug_aranges
                0x00001428       0x20 c:/freescale/s32_power_v1.1/cross_tools/powerpc-eabivle-4_9/bin/../lib/gcc/powerpc-eabivle/4.9.2/fp/e200z4\libgcc.a(_div_df.o)
 .debug_aranges
                0x00001448       0x20 c:/freescale/s32_power_v1.1/cross_tools/powerpc-eabivle-4_9/bin/../lib/gcc/powerpc-eabivle/4.9.2/fp/e200z4\libgcc.a(_eq_df.o)
 .debug_aranges
                0x00001468       0x20 c:/freescale/s32_power_v1.1/cross_tools/powerpc-eabivle-4_9/bin/../lib/gcc/powerpc-eabivle/4.9.2/fp/e200z4\libgcc.a(_gt_df.o)
 .debug_aranges
                0x00001488       0x20 c:/freescale/s32_power_v1.1/cross_tools/powerpc-eabivle-4_9/bin/../lib/gcc/powerpc-eabivle/4.9.2/fp/e200z4\libgcc.a(_ge_df.o)
 .debug_aranges
                0x000014a8       0x20 c:/freescale/s32_power_v1.1/cross_tools/powerpc-eabivle-4_9/bin/../lib/gcc/powerpc-eabivle/4.9.2/fp/e200z4\libgcc.a(_lt_df.o)
 .debug_aranges
                0x000014c8       0x20 c:/freescale/s32_power_v1.1/cross_tools/powerpc-eabivle-4_9/bin/../lib/gcc/powerpc-eabivle/4.9.2/fp/e200z4\libgcc.a(_le_df.o)
 .debug_aranges
                0x000014e8       0x20 c:/freescale/s32_power_v1.1/cross_tools/powerpc-eabivle-4_9/bin/../lib/gcc/powerpc-eabivle/4.9.2/fp/e200z4\libgcc.a(_si_to_df.o)
 .debug_aranges
                0x00001508       0x20 c:/freescale/s32_power_v1.1/cross_tools/powerpc-eabivle-4_9/bin/../lib/gcc/powerpc-eabivle/4.9.2/fp/e200z4\libgcc.a(_df_to_si.o)
 .debug_aranges
                0x00001528       0x20 c:/freescale/s32_power_v1.1/cross_tools/powerpc-eabivle-4_9/bin/../lib/gcc/powerpc-eabivle/4.9.2/fp/e200z4\libgcc.a(_make_df.o)
 .debug_aranges
                0x00001548       0x18 c:/freescale/s32_power_v1.1/cross_tools/powerpc-eabivle-4_9/bin/../lib/gcc/powerpc-eabivle/4.9.2/fp/e200z4\libgcc.a(_thenan_df.o)
 .debug_aranges
                0x00001560       0x20 c:/freescale/s32_power_v1.1/cross_tools/powerpc-eabivle-4_9/bin/../lib/gcc/powerpc-eabivle/4.9.2/fp/e200z4\libgcc.a(_usi_to_df.o)
 .debug_aranges
                0x00001580       0x20 c:/freescale/s32_power_v1.1/cross_tools/powerpc-eabivle-4_9/bin/../lib/gcc/powerpc-eabivle/4.9.2/fp/e200z4\libgcc.a(e200crtsavgpr.o)
 .debug_aranges
                0x000015a0       0x20 c:/freescale/s32_power_v1.1/cross_tools/powerpc-eabivle-4_9/bin/../lib/gcc/powerpc-eabivle/4.9.2/fp/e200z4\libgcc.a(e200crtresxgpr.o)
 .debug_aranges
                0x000015c0       0x20 c:/freescale/s32_power_v1.1/cross_tools/powerpc-eabivle-4_9/bin/../lib/gcc/powerpc-eabivle/4.9.2/fp/e200z4\libgcc.a(_unpack_sf.o)
 .debug_aranges
                0x000015e0       0x20 c:/freescale/s32_power_v1.1/cross_tools/powerpc-eabivle-4_9/bin/../lib/gcc/powerpc-eabivle/4.9.2/fp/e200z4\libgcc.a(_pack_df.o)
 .debug_aranges
                0x00001600       0x20 c:/freescale/s32_power_v1.1/cross_tools/powerpc-eabivle-4_9/bin/../lib/gcc/powerpc-eabivle/4.9.2/fp/e200z4\libgcc.a(_unpack_df.o)
 .debug_aranges
                0x00001620       0x20 c:/freescale/s32_power_v1.1/cross_tools/powerpc-eabivle-4_9/bin/../lib/gcc/powerpc-eabivle/4.9.2/fp/e200z4\libgcc.a(_fpcmp_parts_df.o)
 .debug_aranges
                0x00001640       0x20 C:/Freescale/S32_Power_v1.1/S32DS/e200_ewl2/lib/fp/e200z4\libc.a(memcpy.o)

.debug_ranges   0x00000000     0x1378
 .debug_ranges  0x00000000      0x130 ./src/drivers/ADC/ADC.o
 .debug_ranges  0x00000130       0x30 ./src/drivers/CTU/CTU.o
 .debug_ranges  0x00000160       0x90 ./src/drivers/DSPI/DSPI.o
 .debug_ranges  0x000001f0       0x10 ./src/drivers/FCCU/FCCU.o
 .debug_ranges  0x00000200       0x30 ./src/drivers/FlexCAN/CAN.o
 .debug_ranges  0x00000230       0x38 ./src/drivers/FlexPWM/flexpwm.o
 .debug_ranges  0x00000268       0x48 ./src/drivers/FreeMASTER/freemaster_serial.o
 .debug_ranges  0x000002b0       0x20 ./src/drivers/FreeMASTER/freemaster_scope.o
 .debug_ranges  0x000002d0       0xa8 ./src/drivers/FreeMASTER/freemaster_rec.o
 .debug_ranges  0x00000378       0x58 ./src/drivers/FreeMASTER/freemaster_protocol.o
 .debug_ranges  0x000003d0       0x58 ./src/drivers/FreeMASTER/freemaster_appcmd.o
 .debug_ranges  0x00000428       0x38 ./src/drivers/FreeMASTER/freemaster_MPC56xx.o
 .debug_ranges  0x00000460       0x18 ./src/drivers/INTC/INTC.o
 .debug_ranges  0x00000478       0xf8 ./src/drivers/LINFlex/LINFLEX.o
 .debug_ranges  0x00000570       0x10 ./src/drivers/LLD_INIT/MPC5744P_LLD.o
 .debug_ranges  0x00000580       0x10 ./src/drivers/ME/ME.o
 .debug_ranges  0x00000590       0x18 ./src/drivers/PIT/PIT_IRQ.o
 .debug_ranges  0x000005a8       0x60 ./src/drivers/PIT/PIT.o
 .debug_ranges  0x00000608       0x78 ./src/drivers/SIUL/SIUL.o
 .debug_ranges  0x00000680       0x28 ./src/drivers/SWG/SWG.o
 .debug_ranges  0x000006a8       0x18 ./src/drivers/UART/uart_irq.o
 .debug_ranges  0x000006c0       0x20 ./src/drivers/UART/uart_init.o
 .debug_ranges  0x000006e0       0x28 ./src/drivers/UART/uart_console_io.o
 .debug_ranges  0x00000708       0x50 ./src/drivers/UART/uart.o
 .debug_ranges  0x00000758       0x28 ./src/drivers/eTimer/eTimer.o
 .debug_ranges  0x00000780       0x10 ./src/intc_SW_mode_isr_vectors_MPC5744P.o
 .debug_ranges  0x00000790       0x28 ./src/MPC57xx__Interrupt_Init.o
 .debug_ranges  0x000007b8       0x20 ./src/ADC-demo.o
 .debug_ranges  0x000007d8       0x88 C:/Freescale/S32_Power_v1.1/S32DS/e200_ewl2/lib/fp/e200z4\libc.a(printformat_fp.o)
 .debug_ranges  0x00000860       0x10 C:/Freescale/S32_Power_v1.1/S32DS/e200_ewl2/lib/fp/e200z4\libc.a(isupper.o)
 .debug_ranges  0x00000870       0x18 C:/Freescale/S32_Power_v1.1/S32DS/e200_ewl2/lib/fp/e200z4\libc.a(locale.o)
 .debug_ranges  0x00000888       0x10 C:/Freescale/S32_Power_v1.1/S32DS/e200_ewl2/lib/fp/e200z4\libc.a(memchr.o)
 .debug_ranges  0x00000898       0x10 C:/Freescale/S32_Power_v1.1/S32DS/e200_ewl2/lib/fp/e200z4\libc.a(strchr.o)
 .debug_ranges  0x000008a8       0x10 C:/Freescale/S32_Power_v1.1/S32DS/e200_ewl2/lib/fp/e200z4\libc.a(strcmp.o)
 .debug_ranges  0x000008b8       0x10 C:/Freescale/S32_Power_v1.1/S32DS/e200_ewl2/lib/fp/e200z4\libc.a(strcpy.o)
 .debug_ranges  0x000008c8       0x10 C:/Freescale/S32_Power_v1.1/S32DS/e200_ewl2/lib/fp/e200z4\libc.a(strlen.o)
 .debug_ranges  0x000008d8      0x1d8 C:/Freescale/S32_Power_v1.1/S32DS/e200_ewl2/lib/fp/e200z4\libm.a(ansi_fp.o)
 .debug_ranges  0x00000ab0       0x78 C:/Freescale/S32_Power_v1.1/S32DS/e200_ewl2/lib/fp/e200z4\libm.a(float.o)
 .debug_ranges  0x00000b28       0xc0 C:/Freescale/S32_Power_v1.1/S32DS/e200_ewl2/lib/fp/e200z4\libm.a(math_api.o)
 .debug_ranges  0x00000be8       0x80 C:/Freescale/S32_Power_v1.1/S32DS/e200_ewl2/lib/fp/e200z4\libm.a(round.o)
 .debug_ranges  0x00000c68       0x80 C:/Freescale/S32_Power_v1.1/S32DS/e200_ewl2/lib/fp/e200z4\libm.a(s_floor.o)
 .debug_ranges  0x00000ce8       0x80 C:/Freescale/S32_Power_v1.1/S32DS/e200_ewl2/lib/fp/e200z4\libm.a(s_frexp.o)
 .debug_ranges  0x00000d68       0x80 C:/Freescale/S32_Power_v1.1/S32DS/e200_ewl2/lib/fp/e200z4\libm.a(s_ldexp.o)
 .debug_ranges  0x00000de8       0x80 C:/Freescale/S32_Power_v1.1/S32DS/e200_ewl2/lib/fp/e200z4\libm.a(s_modf.o)
 .debug_ranges  0x00000e68       0x80 C:/Freescale/S32_Power_v1.1/S32DS/e200_ewl2/lib/fp/e200z4\libm.a(w_pow.o)
 .debug_ranges  0x00000ee8       0xa8 C:/Freescale/S32_Power_v1.1/S32DS/e200_ewl2/lib/fp/e200z4\libm.a(e_pow.o)
 .debug_ranges  0x00000f90       0x80 C:/Freescale/S32_Power_v1.1/S32DS/e200_ewl2/lib/fp/e200z4\libm.a(scalbn.o)
 .debug_ranges  0x00001010       0x80 C:/Freescale/S32_Power_v1.1/S32DS/e200_ewl2/lib/fp/e200z4\libm.a(w_sqrt.o)
 .debug_ranges  0x00001090       0x80 C:/Freescale/S32_Power_v1.1/S32DS/e200_ewl2/lib/fp/e200z4\libm.a(e_sqrt.o)
 .debug_ranges  0x00001110       0xc0 c:/freescale/s32_power_v1.1/cross_tools/powerpc-eabivle-4_9/bin/../lib/gcc/powerpc-eabivle/4.9.2/fp/e200z4\libgcc.a(_udivdi3.o)
 .debug_ranges  0x000011d0       0xc0 c:/freescale/s32_power_v1.1/cross_tools/powerpc-eabivle-4_9/bin/../lib/gcc/powerpc-eabivle/4.9.2/fp/e200z4\libgcc.a(_umoddi3.o)
 .debug_ranges  0x00001290       0x38 c:/freescale/s32_power_v1.1/cross_tools/powerpc-eabivle-4_9/bin/../lib/gcc/powerpc-eabivle/4.9.2/fp/e200z4\libgcc.a(_addsub_df.o)
 .debug_ranges  0x000012c8       0x50 c:/freescale/s32_power_v1.1/cross_tools/powerpc-eabivle-4_9/bin/../lib/gcc/powerpc-eabivle/4.9.2/fp/e200z4\libgcc.a(_mul_df.o)
 .debug_ranges  0x00001318       0x18 c:/freescale/s32_power_v1.1/cross_tools/powerpc-eabivle-4_9/bin/../lib/gcc/powerpc-eabivle/4.9.2/fp/e200z4\libgcc.a(_div_df.o)
 .debug_ranges  0x00001330       0x20 c:/freescale/s32_power_v1.1/cross_tools/powerpc-eabivle-4_9/bin/../lib/gcc/powerpc-eabivle/4.9.2/fp/e200z4\libgcc.a(_usi_to_df.o)